Archive member included to satisfy reference by file (symbol)

d:/mounriver/mounriver_studio/toolchain/risc-v embedded gcc/bin/../lib/gcc/riscv-none-embed/8.2.0/../../../../riscv-none-embed/lib/rv32imafc/ilp32f\libm.a(lib_a-s_cos.o)
                              ./zf_device/zf_device_gps_tau1201.o (cos)
d:/mounriver/mounriver_studio/toolchain/risc-v embedded gcc/bin/../lib/gcc/riscv-none-embed/8.2.0/../../../../riscv-none-embed/lib/rv32imafc/ilp32f\libm.a(lib_a-s_sin.o)
                              ./zf_device/zf_device_gps_tau1201.o (sin)
d:/mounriver/mounriver_studio/toolchain/risc-v embedded gcc/bin/../lib/gcc/riscv-none-embed/8.2.0/../../../../riscv-none-embed/lib/rv32imafc/ilp32f\libm.a(lib_a-s_tan.o)
                              ./code/motor.o (tan)
d:/mounriver/mounriver_studio/toolchain/risc-v embedded gcc/bin/../lib/gcc/riscv-none-embed/8.2.0/../../../../riscv-none-embed/lib/rv32imafc/ilp32f\libm.a(lib_a-sf_atan.o)
                              ./code/image.o (atanf)
d:/mounriver/mounriver_studio/toolchain/risc-v embedded gcc/bin/../lib/gcc/riscv-none-embed/8.2.0/../../../../riscv-none-embed/lib/rv32imafc/ilp32f\libm.a(lib_a-sf_fabs.o)
                              d:/mounriver/mounriver_studio/toolchain/risc-v embedded gcc/bin/../lib/gcc/riscv-none-embed/8.2.0/../../../../riscv-none-embed/lib/rv32imafc/ilp32f\libm.a(lib_a-sf_atan.o) (fabsf)
d:/mounriver/mounriver_studio/toolchain/risc-v embedded gcc/bin/../lib/gcc/riscv-none-embed/8.2.0/../../../../riscv-none-embed/lib/rv32imafc/ilp32f\libm.a(lib_a-w_acos.o)
                              ./code/image_deal.o (acos)
d:/mounriver/mounriver_studio/toolchain/risc-v embedded gcc/bin/../lib/gcc/riscv-none-embed/8.2.0/../../../../riscv-none-embed/lib/rv32imafc/ilp32f\libm.a(lib_a-w_asin.o)
                              ./zf_device/zf_device_gps_tau1201.o (asin)
d:/mounriver/mounriver_studio/toolchain/risc-v embedded gcc/bin/../lib/gcc/riscv-none-embed/8.2.0/../../../../riscv-none-embed/lib/rv32imafc/ilp32f\libm.a(lib_a-w_atan2.o)
                              ./zf_device/zf_device_gps_tau1201.o (atan2)
d:/mounriver/mounriver_studio/toolchain/risc-v embedded gcc/bin/../lib/gcc/riscv-none-embed/8.2.0/../../../../riscv-none-embed/lib/rv32imafc/ilp32f\libm.a(lib_a-w_pow.o)
                              ./zf_device/zf_device_gps_tau1201.o (pow)
d:/mounriver/mounriver_studio/toolchain/risc-v embedded gcc/bin/../lib/gcc/riscv-none-embed/8.2.0/../../../../riscv-none-embed/lib/rv32imafc/ilp32f\libm.a(lib_a-w_sqrt.o)
                              ./zf_device/zf_device_gps_tau1201.o (sqrt)
d:/mounriver/mounriver_studio/toolchain/risc-v embedded gcc/bin/../lib/gcc/riscv-none-embed/8.2.0/../../../../riscv-none-embed/lib/rv32imafc/ilp32f\libm.a(lib_a-wf_atan2.o)
                              ./code/imgproc.o (atan2f)
d:/mounriver/mounriver_studio/toolchain/risc-v embedded gcc/bin/../lib/gcc/riscv-none-embed/8.2.0/../../../../riscv-none-embed/lib/rv32imafc/ilp32f\libm.a(lib_a-wf_sqrt.o)
                              ./code/imgproc.o (sqrtf)
d:/mounriver/mounriver_studio/toolchain/risc-v embedded gcc/bin/../lib/gcc/riscv-none-embed/8.2.0/../../../../riscv-none-embed/lib/rv32imafc/ilp32f\libm.a(lib_a-e_acos.o)
                              d:/mounriver/mounriver_studio/toolchain/risc-v embedded gcc/bin/../lib/gcc/riscv-none-embed/8.2.0/../../../../riscv-none-embed/lib/rv32imafc/ilp32f\libm.a(lib_a-w_acos.o) (__ieee754_acos)
d:/mounriver/mounriver_studio/toolchain/risc-v embedded gcc/bin/../lib/gcc/riscv-none-embed/8.2.0/../../../../riscv-none-embed/lib/rv32imafc/ilp32f\libm.a(lib_a-e_asin.o)
                              d:/mounriver/mounriver_studio/toolchain/risc-v embedded gcc/bin/../lib/gcc/riscv-none-embed/8.2.0/../../../../riscv-none-embed/lib/rv32imafc/ilp32f\libm.a(lib_a-w_asin.o) (__ieee754_asin)
d:/mounriver/mounriver_studio/toolchain/risc-v embedded gcc/bin/../lib/gcc/riscv-none-embed/8.2.0/../../../../riscv-none-embed/lib/rv32imafc/ilp32f\libm.a(lib_a-e_atan2.o)
                              d:/mounriver/mounriver_studio/toolchain/risc-v embedded gcc/bin/../lib/gcc/riscv-none-embed/8.2.0/../../../../riscv-none-embed/lib/rv32imafc/ilp32f\libm.a(lib_a-w_atan2.o) (__ieee754_atan2)
d:/mounriver/mounriver_studio/toolchain/risc-v embedded gcc/bin/../lib/gcc/riscv-none-embed/8.2.0/../../../../riscv-none-embed/lib/rv32imafc/ilp32f\libm.a(lib_a-e_pow.o)
                              d:/mounriver/mounriver_studio/toolchain/risc-v embedded gcc/bin/../lib/gcc/riscv-none-embed/8.2.0/../../../../riscv-none-embed/lib/rv32imafc/ilp32f\libm.a(lib_a-w_pow.o) (__ieee754_pow)
d:/mounriver/mounriver_studio/toolchain/risc-v embedded gcc/bin/../lib/gcc/riscv-none-embed/8.2.0/../../../../riscv-none-embed/lib/rv32imafc/ilp32f\libm.a(lib_a-e_rem_pio2.o)
                              d:/mounriver/mounriver_studio/toolchain/risc-v embedded gcc/bin/../lib/gcc/riscv-none-embed/8.2.0/../../../../riscv-none-embed/lib/rv32imafc/ilp32f\libm.a(lib_a-s_cos.o) (__ieee754_rem_pio2)
[...]
Memory Configuration

Name             Origin             Length             Attributes
FLASH            0x0000000000000000 0x0000000000038000 xr
FLASH1           0x0000000000040000 0x0000000000038000 xr
RAM              0x0000000020000000 0x0000000000018000 xrw
*default*        0x0000000000000000 0xffffffffffffffff

Linker script and memory map

LOAD ./zf_driver/zf_driver_adc.o
LOAD ./zf_driver/zf_driver_delay.o
LOAD ./zf_driver/zf_driver_dvp.o
LOAD ./zf_driver/zf_driver_encoder.o
LOAD ./zf_driver/zf_driver_exti.o
LOAD ./zf_driver/zf_driver_flash.o
LOAD ./zf_driver/zf_driver_gpio.o
LOAD ./zf_driver/zf_driver_iic.o
LOAD ./zf_driver/zf_driver_pit.o
LOAD ./zf_driver/zf_driver_pwm.o
LOAD ./zf_driver/zf_driver_soft_iic.o
LOAD ./zf_driver/zf_driver_soft_spi.o
LOAD ./zf_driver/zf_driver_spi.o
LOAD ./zf_driver/zf_driver_timer.o
LOAD ./zf_driver/zf_driver_uart.o
LOAD ./zf_driver/zf_driver_usb_cdc.o
LOAD ./zf_device/zf_device_absolute_encoder.o
LOAD ./zf_device/zf_device_aht20.o
LOAD ./zf_device/zf_device_bluetooth_ch9141.o
LOAD ./zf_device/zf_device_camera.o
LOAD ./zf_device/zf_device_dl1a.o
LOAD ./zf_device/zf_device_dm1xa.o
LOAD ./zf_device/zf_device_gps_tau1201.o
LOAD ./zf_device/zf_device_icm20602.o
LOAD ./zf_device/zf_device_imu660ra.o
LOAD ./zf_device/zf_device_imu963ra.o
LOAD ./zf_device/zf_device_ips114.o
LOAD ./zf_device/zf_device_ips200.o
LOAD ./zf_device/zf_device_k24c02.o
LOAD ./zf_device/zf_device_key.o
LOAD ./zf_device/zf_device_mpu6050.o
LOAD ./zf_device/zf_device_mt9v03x_dvp.o
LOAD ./zf_device/zf_device_oled.o
LOAD ./zf_device/zf_device_scc8660_dvp.o
LOAD ./zf_device/zf_device_tft180.o
LOAD ./zf_device/zf_device_type.o
LOAD ./zf_device/zf_device_virtual_oscilloscope.o
LOAD ./zf_device/zf_device_w25q32.o
LOAD ./zf_device/zf_device_wifi_uart.o
LOAD ./zf_device/zf_device_wireless_ch573.o
LOAD ./zf_device/zf_device_wireless_uart.o
LOAD ./zf_common/zf_common_clock.o
LOAD ./zf_common/zf_common_debug.o
LOAD ./zf_common/zf_common_fifo.o
LOAD ./zf_common/zf_common_font.o
LOAD ./zf_common/zf_common_function.o
LOAD ./zf_common/zf_common_interrupt.o
LOAD ./user_c/isr.o
LOAD ./user_c/main.o
LOAD ./sdk/Startup/startup_ch32v30x_D8C.o
LOAD ./sdk/Peripheral/ch32v30x_adc.o
LOAD ./sdk/Peripheral/ch32v30x_bkp.o
LOAD ./sdk/Peripheral/ch32v30x_can.o
LOAD ./sdk/Peripheral/ch32v30x_crc.o
LOAD ./sdk/Peripheral/ch32v30x_dac.o
LOAD ./sdk/Peripheral/ch32v30x_dbgmcu.o
LOAD ./sdk/Peripheral/ch32v30x_dma.o
LOAD ./sdk/Peripheral/ch32v30x_dvp.o
LOAD ./sdk/Peripheral/ch32v30x_eth.o
LOAD ./sdk/Peripheral/ch32v30x_exti.o
LOAD ./sdk/Peripheral/ch32v30x_flash.o
LOAD ./sdk/Peripheral/ch32v30x_fsmc.o
LOAD ./sdk/Peripheral/ch32v30x_gpio.o
LOAD ./sdk/Peripheral/ch32v30x_i2c.o
LOAD ./sdk/Peripheral/ch32v30x_iwdg.o
LOAD ./sdk/Peripheral/ch32v30x_opa.o
LOAD ./sdk/Peripheral/ch32v30x_pwr.o
LOAD ./sdk/Peripheral/ch32v30x_rcc.o
LOAD ./sdk/Peripheral/ch32v30x_rng.o
LOAD ./sdk/Peripheral/ch32v30x_rtc.o
LOAD ./sdk/Peripheral/ch32v30x_sdio.o
LOAD ./sdk/Peripheral/ch32v30x_spi.o
LOAD ./sdk/Peripheral/ch32v30x_tim.o
LOAD ./sdk/Peripheral/ch32v30x_usart.o
LOAD ./sdk/Peripheral/ch32v30x_usbotg_device.o
LOAD ./sdk/Peripheral/ch32v30x_wwdg.o
LOAD ./sdk/Core/core_riscv.o
LOAD ./code/ANO_DT.o
LOAD ./code/Been.o
LOAD ./code/Stadiometry.o
LOAD ./code/communication.o
LOAD ./code/four_elements_resolving.o
LOAD ./code/fuzzy.o
LOAD ./code/image.o
LOAD ./code/image_deal.o
LOAD ./code/imgproc.o
LOAD ./code/inductor.o
LOAD ./code/motor.o
LOAD ./code/mpu_angle.o
LOAD ./code/mypid.o
LOAD ./code/perspective.o
LOAD ./code/some_algorithm.o
LOAD ./code/special_contral.o
LOAD ./code/speed_mode.o
LOAD ./code/streeing.o
LOAD ./code/swj.o
LOAD ./code/system.o
LOAD ./code/ui_key.o
LOAD ./code/wheel.o
LOAD d:/mounriver/mounriver_studio/toolchain/risc-v embedded gcc/bin/../lib/gcc/riscv-none-embed/8.2.0/../../../../riscv-none-embed/lib/rv32imafc/ilp32f\libm.a
LOAD C:\Users\linjias\Desktop\car\CHV307_forword_car\libraries\zf_device\libzf_device_config.a
LOAD d:/mounriver/mounriver_studio/toolchain/risc-v embedded gcc/bin/../lib/gcc/riscv-none-embed/8.2.0/rv32imafc/ilp32f\libgcc.a
LOAD d:/mounriver/mounriver_studio/toolchain/risc-v embedded gcc/bin/../lib/gcc/riscv-none-embed/8.2.0/../../../../riscv-none-embed/lib/rv32imafc/ilp32f\libg_nano.a
LOAD d:/mounriver/mounriver_studio/toolchain/risc-v embedded gcc/bin/../lib/gcc/riscv-none-embed/8.2.0/../../../../riscv-none-embed/lib/rv32imafc/ilp32f\libc_nano.a
LOAD d:/mounriver/mounriver_studio/toolchain/risc-v embedded gcc/bin/../lib/gcc/riscv-none-embed/8.2.0/rv32imafc/ilp32f\libgcc.a
START GROUP
LOAD d:/mounriver/mounriver_studio/toolchain/risc-v embedded gcc/bin/../lib/gcc/riscv-none-embed/8.2.0/rv32imafc/ilp32f\libgcc.a
LOAD d:/mounriver/mounriver_studio/toolchain/risc-v embedded gcc/bin/../lib/gcc/riscv-none-embed/8.2.0/../../../../riscv-none-embed/lib/rv32imafc/ilp32f\libc_nano.a
LOAD d:/mounriver/mounriver_studio/toolchain/risc-v embedded gcc/bin/../lib/gcc/riscv-none-embed/8.2.0/../../../../riscv-none-embed/lib/rv32imafc/ilp32f\libnosys.a
END GROUP
START GROUP
LOAD d:/mounriver/mounriver_studio/toolchain/risc-v embedded gcc/bin/../lib/gcc/riscv-none-embed/8.2.0/rv32imafc/ilp32f\libgcc.a
LOAD d:/mounriver/mounriver_studio/toolchain/risc-v embedded gcc/bin/../lib/gcc/riscv-none-embed/8.2.0/../../../../riscv-none-embed/lib/rv32imafc/ilp32f\libc_nano.a
LOAD d:/mounriver/mounriver_studio/toolchain/risc-v embedded gcc/bin/../lib/gcc/riscv-none-embed/8.2.0/../../../../riscv-none-embed/lib/rv32imafc/ilp32f\libnosys.a
END GROUP
                0x0000000000000800                __stack_size = 0x800
                [!provide]                        PROVIDE (_stack_size = __stack_size)

.init           0x0000000000000000       0x38
                0x0000000000000000                _sinit = .
                0x0000000000000000                . = ALIGN (0x4)
 *(SORT_NONE(.init))
 .init          0x0000000000000000       0x38 ./sdk/Startup/startup_ch32v30x_D8C.o
                0x0000000000000000                _start
                0x0000000000000038                . = ALIGN (0x4)
                0x0000000000000038                _einit = .

.vector         0x0000000000000038      0x1c8
 *(.vector)
 .vector        0x0000000000000038      0x1a0 ./sdk/Startup/startup_ch32v30x_D8C.o
                0x0000000000000200                . = ALIGN (0x40)
 *fill*         0x00000000000001d8       0x28 

.text           0x0000000000000200    0x2c274
                0x0000000000000200                . = ALIGN (0x4)
 *(.text)
 .text          0x0000000000000200       0xa8 d:/mounriver/mounriver_studio/toolchain/risc-v embedded gcc/bin/../lib/gcc/riscv-none-embed/8.2.0/../../../../riscv-none-embed/lib/rv32imafc/ilp32f\libg_nano.a(lib_a-memset.o)
                0x0000000000000200                memset
 *(.text.*)
 .text.adc_convert
                0x00000000000002a8       0xbc ./zf_driver/zf_driver_adc.o
                0x00000000000002a8                adc_convert
 .text.adc_init
                0x0000000000000364      0x194 ./zf_driver/zf_driver_adc.o
                0x0000000000000364                adc_init
 .text.system_delay
                0x00000000000004f8       0x70 ./zf_driver/zf_driver_delay.o
                0x00000000000004f8                system_delay
 .text.dvp_gpio_init
                0x0000000000000568      0x10a ./zf_driver/zf_driver_dvp.o
                0x0000000000000568                dvp_gpio_init
 .text.dvp_camera_init
                0x0000000000000672      0x144 ./zf_driver/zf_driver_dvp.o
                0x0000000000000672                dvp_camera_init
 .text.encoder_get_count
                0x00000000000007b6      0x150 ./zf_driver/zf_driver_encoder.o
                0x00000000000007b6                encoder_get_count
 .text.encoder_clear_count
                0x0000000000000906       0x9c ./zf_driver/zf_driver_encoder.o
                0x0000000000000906                encoder_clear_count
 .text.encoder_dir_init
                0x00000000000009a2      0x2f4 ./zf_driver/zf_driver_encoder.o
                0x00000000000009a2                encoder_dir_init
 .text.gpio_set_level
                0x0000000000000c96       0x78 ./zf_driver/zf_driver_gpio.o
                0x0000000000000c96                gpio_set_level
 .text.gpio_get_level
                0x0000000000000d0e       0x42 ./zf_driver/zf_driver_gpio.o
                0x0000000000000d0e                gpio_get_level
 .text.gpio_init
                0x0000000000000d50      0x15c ./zf_driver/zf_driver_gpio.o
                0x0000000000000d50                gpio_init
 .text.pit_init
                0x0000000000000eac      0x220 ./zf_driver/zf_driver_pit.o
                0x0000000000000eac                pit_init
 .text.pwm_set_duty
                0x00000000000010cc      0x16a ./zf_driver/zf_driver_pwm.o
                0x00000000000010cc                pwm_set_duty
 .text.pwm_init
                0x0000000000001236      0x41c ./zf_driver/zf_driver_pwm.o
                0x0000000000001236                pwm_init
 .text.soft_iic_start
                0x0000000000001652      0x12a ./zf_driver/zf_driver_soft_iic.o
 .text.soft_iic_stop
                0x000000000000177c      0x144 ./zf_driver/zf_driver_soft_iic.o
 .text.soft_iic_send_ack
                0x00000000000018c0      0x198 ./zf_driver/zf_driver_soft_iic.o
 .text.soft_iic_wait_ack
                0x0000000000001a58      0x162 ./zf_driver/zf_driver_soft_iic.o
 .text.soft_iic_send_data
                0x0000000000001bba      0x170 ./zf_driver/zf_driver_soft_iic.o
 .text.soft_iic_read_data
                0x0000000000001d2a      0x1ec ./zf_driver/zf_driver_soft_iic.o
 .text.soft_iic_write_8bit_array
                0x0000000000001f16       0xac ./zf_driver/zf_driver_soft_iic.o
                0x0000000000001f16                soft_iic_write_8bit_array
 .text.soft_iic_write_8bit_register
                0x0000000000001fc2       0x82 ./zf_driver/zf_driver_soft_iic.o
                0x0000000000001fc2                soft_iic_write_8bit_register
 .text.soft_iic_read_8bit_register
                0x0000000000002044       0xae ./zf_driver/zf_driver_soft_iic.o
                0x0000000000002044                soft_iic_read_8bit_register
 .text.soft_iic_read_8bit_registers
                0x00000000000020f2      0x100 ./zf_driver/zf_driver_soft_iic.o
                0x00000000000020f2                soft_iic_read_8bit_registers
 .text.soft_iic_sccb_write_register
                0x00000000000021f2       0x88 ./zf_driver/zf_driver_soft_iic.o
                0x00000000000021f2                soft_iic_sccb_write_register
 .text.soft_iic_sccb_read_register
                0x000000000000227a       0xbe ./zf_driver/zf_driver_soft_iic.o
                0x000000000000227a                soft_iic_sccb_read_register
 .text.soft_iic_init
                0x0000000000002338       0xb6 ./zf_driver/zf_driver_soft_iic.o
                0x0000000000002338                soft_iic_init
 .text.spi_write_8bit
                0x00000000000023ee       0x70 ./zf_driver/zf_driver_spi.o
                0x00000000000023ee                spi_write_8bit
 .text.spi_write_16bit
                0x000000000000245e       0xae ./zf_driver/zf_driver_spi.o
                0x000000000000245e                spi_write_16bit
 .text.spi_write_8bit_register
                0x000000000000250c       0xd0 ./zf_driver/zf_driver_spi.o
                0x000000000000250c                spi_write_8bit_register
 .text.spi_read_8bit_register
                0x00000000000025dc       0xce ./zf_driver/zf_driver_spi.o
                0x00000000000025dc                spi_read_8bit_register
 .text.spi_read_8bit_registers
                0x00000000000026aa       0xf0 ./zf_driver/zf_driver_spi.o
                0x00000000000026aa                spi_read_8bit_registers
 .text.spi_init
                0x000000000000279a      0x2f8 ./zf_driver/zf_driver_spi.o
                0x000000000000279a                spi_init
 .text.timer_funciton_check
                0x0000000000002a92       0x66 ./zf_driver/zf_driver_timer.o
                0x0000000000002a92                timer_funciton_check
 .text.timer_clock_enable
                0x0000000000002af8       0xe2 ./zf_driver/zf_driver_timer.o
                0x0000000000002af8                timer_clock_enable
 .text.timer_get
                0x0000000000002bda      0x100 ./zf_driver/zf_driver_timer.o
                0x0000000000002bda                timer_get
 .text.timer_clear
                0x0000000000002cda       0xc6 ./zf_driver/zf_driver_timer.o
                0x0000000000002cda                timer_clear
 .text.uart_write_byte
                0x0000000000002da0       0x5a ./zf_driver/zf_driver_uart.o
                0x0000000000002da0                uart_write_byte
 .text.uart_write_buffer
                0x0000000000002dfa       0x66 ./zf_driver/zf_driver_uart.o
                0x0000000000002dfa                uart_write_buffer
 .text.uart_write_string
                0x0000000000002e60       0x62 ./zf_driver/zf_driver_uart.o
                0x0000000000002e60                uart_write_string
 .text.uart_rx_interrupt
                0x0000000000002ec2       0x86 ./zf_driver/zf_driver_uart.o
                0x0000000000002ec2                uart_rx_interrupt
 .text.uart_query_byte
                0x0000000000002f48       0x62 ./zf_driver/zf_driver_uart.o
                0x0000000000002f48                uart_query_byte
 .text.uart_init
                0x0000000000002faa      0x5ae ./zf_driver/zf_driver_uart.o
                0x0000000000002faa                uart_init
 .text.camera_fifo_init
                0x0000000000003558       0x22 ./zf_device/zf_device_camera.o
                0x0000000000003558                camera_fifo_init
 .text.dl1a_get_spad_info
                0x000000000000357a      0x208 ./zf_device/zf_device_dl1a.o
 .text.dl1a_timeout_mclks_to_microseconds
                0x0000000000003782       0x58 ./zf_device/zf_device_dl1a.o
 .text.dl1a_timeout_microseconds_to_mclks
                0x00000000000037da       0x54 ./zf_device/zf_device_dl1a.o
 .text.dl1a_decode_timeout
                0x000000000000382e       0x34 ./zf_device/zf_device_dl1a.o
 .text.dl1a_encode_timeout
                0x0000000000003862       0x7a ./zf_device/zf_device_dl1a.o
 .text.dl1a_get_sequence_step_enables
                0x00000000000038dc       0x9e ./zf_device/zf_device_dl1a.o
 .text.dl1a_get_vcsel_pulse_period
                0x000000000000397a       0x88 ./zf_device/zf_device_dl1a.o
 .text.dl1a_get_sequence_step_timeouts
                0x0000000000003a02      0x192 ./zf_device/zf_device_dl1a.o
 .text.dl1a_perform_single_ref_calibration
                0x0000000000003b94       0xce ./zf_device/zf_device_dl1a.o
 .text.dl1a_set_measurement_timing_budget
                0x0000000000003c62      0x166 ./zf_device/zf_device_dl1a.o
 .text.dl1a_get_measurement_timing_budget
                0x0000000000003dc8       0xb6 ./zf_device/zf_device_dl1a.o
 .text.dl1a_set_signal_rate_limit
                0x0000000000003e7e       0xac ./zf_device/zf_device_dl1a.o
 .text.dl1a_get_distance
                0x0000000000003f2a       0xa4 ./zf_device/zf_device_dl1a.o
                0x0000000000003f2a                dl1a_get_distance
 .text.dl1a_init
                0x0000000000003fce      0x93c ./zf_device/zf_device_dl1a.o
                0x0000000000003fce                dl1a_init
 .text.dm1xa_sound_callback
                0x000000000000490a       0xf4 ./zf_device/zf_device_dm1xa.o
                0x000000000000490a                dm1xa_sound_callback
 .text.dm1xa_light_callback
                0x00000000000049fe       0x32 ./zf_device/zf_device_dm1xa.o
                0x00000000000049fe                dm1xa_light_callback
 .text.dm1xa_transmitter_ranging
                0x0000000000004a30       0x1c ./zf_device/zf_device_dm1xa.o
                0x0000000000004a30                dm1xa_transmitter_ranging
 .text.icm20602_write_register
                0x0000000000004a4c       0x52 ./zf_device/zf_device_icm20602.o
 .text.icm20602_read_register
                0x0000000000004a9e       0x56 ./zf_device/zf_device_icm20602.o
 .text.icm20602_read_registers
                0x0000000000004af4       0x62 ./zf_device/zf_device_icm20602.o
 .text.icm20602_self_check
                0x0000000000004b56       0x6e ./zf_device/zf_device_icm20602.o
 .text.icm20602_get_acc
                0x0000000000004bc4       0x88 ./zf_device/zf_device_icm20602.o
                0x0000000000004bc4                icm20602_get_acc
 .text.icm20602_get_gyro
                0x0000000000004c4c       0x9a ./zf_device/zf_device_icm20602.o
                0x0000000000004c4c                icm20602_get_gyro
 .text.icm20602_gyro_transition
                0x0000000000004ce6       0x38 ./zf_device/zf_device_icm20602.o
                0x0000000000004ce6                icm20602_gyro_transition
 .text.icm20602_init
                0x0000000000004d1e      0x152 ./zf_device/zf_device_icm20602.o
                0x0000000000004d1e                icm20602_init
 .text.mt9v03x_set_config
                0x0000000000004e70      0x14c ./zf_device/zf_device_mt9v03x_dvp.o
 .text.mt9v03x_get_config
                0x0000000000004fbc      0x174 ./zf_device/zf_device_mt9v03x_dvp.o
 .text.mt9v03x_uart_handler
                0x0000000000005130       0x44 ./zf_device/zf_device_mt9v03x_dvp.o
 .text.mt9v03x_dvp_handler
                0x0000000000005174       0x14 ./zf_device/zf_device_mt9v03x_dvp.o
                0x0000000000005174                mt9v03x_dvp_handler
 .text.mt9v03x_get_version
                0x0000000000005188       0xda ./zf_device/zf_device_mt9v03x_dvp.o
                0x0000000000005188                mt9v03x_get_version
 .text.mt9v03x_init
                0x0000000000005262      0x19a ./zf_device/zf_device_mt9v03x_dvp.o
                0x0000000000005262                mt9v03x_init
 .text.tft180_write_index
                0x00000000000053fc       0x7c ./zf_device/zf_device_tft180.o
 .text.tft180_set_region
                0x0000000000005478      0x1f6 ./zf_device/zf_device_tft180.o
 .text.tft180_debug_init
                0x000000000000566e       0x86 ./zf_device/zf_device_tft180.o
 .text.tft180_clear
                0x00000000000056f4       0x88 ./zf_device/zf_device_tft180.o
                0x00000000000056f4                tft180_clear
 .text.tft180_set_dir
                0x000000000000577c       0x46 ./zf_device/zf_device_tft180.o
                0x000000000000577c                tft180_set_dir
 .text.tft180_set_color
                0x00000000000057c2       0x2c ./zf_device/zf_device_tft180.o
                0x00000000000057c2                tft180_set_color
 .text.tft180_draw_point
                0x00000000000057ee       0xb8 ./zf_device/zf_device_tft180.o
                0x00000000000057ee                tft180_draw_point
 .text.tft180_draw_line
                0x00000000000058a6      0x25e ./zf_device/zf_device_tft180.o
                0x00000000000058a6                tft180_draw_line
 .text.tft180_show_char
                0x0000000000005b04      0x2a4 ./zf_device/zf_device_tft180.o
                0x0000000000005b04                tft180_show_char
 .text.tft180_show_string
                0x0000000000005da8      0x126 ./zf_device/zf_device_tft180.o
                0x0000000000005da8                tft180_show_string
 .text.tft180_show_int
                0x0000000000005ece      0x14e ./zf_device/zf_device_tft180.o
                0x0000000000005ece                tft180_show_int
 .text.tft180_show_uint
                0x000000000000601c      0x14a ./zf_device/zf_device_tft180.o
                0x000000000000601c                tft180_show_uint
 .text.tft180_show_float
                0x0000000000006166      0x1c6 ./zf_device/zf_device_tft180.o
                0x0000000000006166                tft180_show_float
 .text.tft180_show_gray_image
                0x000000000000632c      0x244 ./zf_device/zf_device_tft180.o
                0x000000000000632c                tft180_show_gray_image
 .text.tft180_init
                0x0000000000006570      0x44e ./zf_device/zf_device_tft180.o
                0x0000000000006570                tft180_init
 .text.type_default_callback
                0x00000000000069be        0xe ./zf_device/zf_device_type.o
 .text.set_camera_type
                0x00000000000069cc       0x52 ./zf_device/zf_device_type.o
                0x00000000000069cc                set_camera_type
 .text.set_wireless_type
                0x0000000000006a1e       0x36 ./zf_device/zf_device_type.o
                0x0000000000006a1e                set_wireless_type
 .text.wireless_uart_callback
                0x0000000000006a54       0x2e ./zf_device/zf_device_wireless_uart.o
                0x0000000000006a54                wireless_uart_callback
 .text.wireless_uart_init
                0x0000000000006a82       0x72 ./zf_device/zf_device_wireless_uart.o
                0x0000000000006a82                wireless_uart_init
 .text.clock_reset
                0x0000000000006af4       0x76 ./zf_common/zf_common_clock.o
 .text.clock_set_freq
                0x0000000000006b6a      0x1d8 ./zf_common/zf_common_clock.o
 .text.clock_init
                0x0000000000006d42       0x2e ./zf_common/zf_common_clock.o
                0x0000000000006d42                clock_init
 .text.__NOP    0x0000000000006d70       0x10 ./zf_common/zf_common_debug.o
 .text.debug_delay
                0x0000000000006d80       0x54 ./zf_common/zf_common_debug.o
 .text.debug_protective_handler
                0x0000000000006dd4        0xe ./zf_common/zf_common_debug.o
 .text.debug_uart_str_output
                0x0000000000006de2       0x20 ./zf_common/zf_common_debug.o
 .text.debug_output
                0x0000000000006e02      0x570 ./zf_common/zf_common_debug.o
 .text._write   0x0000000000007372       0x80 ./zf_common/zf_common_debug.o
                0x0000000000007372                _write
 .text.debug_assert_handler
                0x00000000000073f2       0x6a ./zf_common/zf_common_debug.o
                0x00000000000073f2                debug_assert_handler
 .text.debug_log_handler
                0x000000000000745c       0x50 ./zf_common/zf_common_debug.o
                0x000000000000745c                debug_log_handler
 .text.debug_output_struct_init
                0x00000000000074ac       0x5a ./zf_common/zf_common_debug.o
                0x00000000000074ac                debug_output_struct_init
 .text.debug_output_init
                0x0000000000007506       0xa8 ./zf_common/zf_common_debug.o
                0x0000000000007506                debug_output_init
 .text.debug_init
                0x00000000000075ae       0x4a ./zf_common/zf_common_debug.o
                0x00000000000075ae                debug_init
 .text.fifo_head_offset
                0x00000000000075f8       0x4e ./zf_common/zf_common_fifo.o
 .text.fifo_end_offset
                0x0000000000007646       0x4e ./zf_common/zf_common_fifo.o
 .text.fifo_clear
                0x0000000000007694      0x102 ./zf_common/zf_common_fifo.o
                0x0000000000007694                fifo_clear
 .text.fifo_used
                0x0000000000007796       0x46 ./zf_common/zf_common_fifo.o
                0x0000000000007796                fifo_used
 .text.fifo_write_element
                0x00000000000077dc      0x11a ./zf_common/zf_common_fifo.o
                0x00000000000077dc                fifo_write_element
 .text.fifo_write_buffer
                0x00000000000078f6      0x306 ./zf_common/zf_common_fifo.o
                0x00000000000078f6                fifo_write_buffer
 .text.fifo_read_buffer
                0x0000000000007bfc      0x2e4 ./zf_common/zf_common_fifo.o
                0x0000000000007bfc                fifo_read_buffer
 .text.fifo_init
                0x0000000000007ee0       0x98 ./zf_common/zf_common_fifo.o
                0x0000000000007ee0                fifo_init
 .text.func_int_to_str
                0x0000000000007f78      0x118 ./zf_common/zf_common_function.o
                0x0000000000007f78                func_int_to_str
 .text.func_uint_to_str
                0x0000000000008090       0xda ./zf_common/zf_common_function.o
                0x0000000000008090                func_uint_to_str
 .text.func_float_to_str
                0x000000000000816a      0x264 ./zf_common/zf_common_function.o
                0x000000000000816a                func_float_to_str
 .text.__enable_irq
                0x00000000000083ce       0x18 ./zf_common/zf_common_interrupt.o
 .text.__disable_irq
                0x00000000000083e6       0x14 ./zf_common/zf_common_interrupt.o
 .text.NVIC_EnableIRQ
                0x00000000000083fa       0x32 ./zf_common/zf_common_interrupt.o
 .text.NVIC_DisableIRQ
                0x000000000000842c       0x32 ./zf_common/zf_common_interrupt.o
 .text.NVIC_SetPriority
                0x000000000000845e       0x2a ./zf_common/zf_common_interrupt.o
 .text.interrupt_enable
                0x0000000000008488       0x1e ./zf_common/zf_common_interrupt.o
                0x0000000000008488                interrupt_enable
 .text.interrupt_disable
                0x00000000000084a6       0x1e ./zf_common/zf_common_interrupt.o
                0x00000000000084a6                interrupt_disable
 .text.interrupt_set_priority
                0x00000000000084c4       0x2a ./zf_common/zf_common_interrupt.o
                0x00000000000084c4                interrupt_set_priority
 .text.interrupt_global_enable
                0x00000000000084ee       0x32 ./zf_common/zf_common_interrupt.o
                0x00000000000084ee                interrupt_global_enable
 .text.interrupt_global_disable
                0x0000000000008520       0x2c ./zf_common/zf_common_interrupt.o
                0x0000000000008520                interrupt_global_disable
 .text.interrupt_init
                0x000000000000854c       0x18 ./zf_common/zf_common_interrupt.o
                0x000000000000854c                interrupt_init
 .text.USART1_IRQHandler
                0x0000000000008564       0x84 ./user_c/isr.o
                0x0000000000008564                USART1_IRQHandler
 .text.USART2_IRQHandler
                0x00000000000085e8       0x84 ./user_c/isr.o
                0x00000000000085e8                USART2_IRQHandler
 .text.USART3_IRQHandler
                0x000000000000866c       0x84 ./user_c/isr.o
                0x000000000000866c                USART3_IRQHandler
 .text.UART4_IRQHandler
                0x00000000000086f0       0x84 ./user_c/isr.o
                0x00000000000086f0                UART4_IRQHandler
 .text.UART5_IRQHandler
                0x0000000000008774       0x82 ./user_c/isr.o
                0x0000000000008774                UART5_IRQHandler
 .text.UART6_IRQHandler
                0x00000000000087f6       0x84 ./user_c/isr.o
                0x00000000000087f6                UART6_IRQHandler
 .text.UART7_IRQHandler
                0x000000000000887a       0x9a ./user_c/isr.o
                0x000000000000887a                UART7_IRQHandler
 .text.UART8_IRQHandler
                0x0000000000008914       0x7c ./user_c/isr.o
                0x0000000000008914                UART8_IRQHandler
 .text.DVP_IRQHandler
                0x0000000000008990       0x90 ./user_c/isr.o
                0x0000000000008990                DVP_IRQHandler
 .text.EXTI0_IRQHandler
                0x0000000000008a20       0x74 ./user_c/isr.o
                0x0000000000008a20                EXTI0_IRQHandler
 .text.EXTI1_IRQHandler
                0x0000000000008a94       0x74 ./user_c/isr.o
                0x0000000000008a94                EXTI1_IRQHandler
 .text.EXTI2_IRQHandler
                0x0000000000008b08       0x74 ./user_c/isr.o
                0x0000000000008b08                EXTI2_IRQHandler
 .text.EXTI3_IRQHandler
                0x0000000000008b7c       0x74 ./user_c/isr.o
                0x0000000000008b7c                EXTI3_IRQHandler
 .text.EXTI4_IRQHandler
                0x0000000000008bf0       0x74 ./user_c/isr.o
                0x0000000000008bf0                EXTI4_IRQHandler
 .text.EXTI9_5_IRQHandler
                0x0000000000008c64       0xd8 ./user_c/isr.o
                0x0000000000008c64                EXTI9_5_IRQHandler
 .text.EXTI15_10_IRQHandler
                0x0000000000008d3c       0xec ./user_c/isr.o
                0x0000000000008d3c                EXTI15_10_IRQHandler
 .text.TIM1_UP_IRQHandler
                0x0000000000008e28       0x80 ./user_c/isr.o
                0x0000000000008e28                TIM1_UP_IRQHandler
 .text.TIM2_IRQHandler
                0x0000000000008ea8       0x78 ./user_c/isr.o
                0x0000000000008ea8                TIM2_IRQHandler
 .text.TIM3_IRQHandler
                0x0000000000008f20       0x88 ./user_c/isr.o
                0x0000000000008f20                TIM3_IRQHandler
 .text.TIM4_IRQHandler
                0x0000000000008fa8       0x80 ./user_c/isr.o
                0x0000000000008fa8                TIM4_IRQHandler
 .text.TIM5_IRQHandler
                0x0000000000009028       0x80 ./user_c/isr.o
                0x0000000000009028                TIM5_IRQHandler
 .text.TIM6_IRQHandler
                0x00000000000090a8       0x7c ./user_c/isr.o
                0x00000000000090a8                TIM6_IRQHandler
 .text.TIM7_IRQHandler
                0x0000000000009124       0x88 ./user_c/isr.o
                0x0000000000009124                TIM7_IRQHandler
 .text.TIM8_UP_IRQHandler
                0x00000000000091ac       0x80 ./user_c/isr.o
                0x00000000000091ac                TIM8_UP_IRQHandler
 .text.TIM9_UP_IRQHandler
                0x000000000000922c       0x84 ./user_c/isr.o
                0x000000000000922c                TIM9_UP_IRQHandler
 .text.TIM10_UP_IRQHandler
                0x00000000000092b0       0x78 ./user_c/isr.o
                0x00000000000092b0                TIM10_UP_IRQHandler
 .text.NMI_Handler
                0x0000000000009328       0x10 ./user_c/isr.o
                0x0000000000009328                NMI_Handler
 .text.HardFault_Handler
                0x0000000000009338        0x8 ./user_c/isr.o
                0x0000000000009338                HardFault_Handler
 .text.main     0x0000000000009340      0x1bc ./user_c/main.o
                0x0000000000009340                main
 .text.vector_handler
                0x00000000000094fc       0xbe ./sdk/Startup/startup_ch32v30x_D8C.o
                0x0000000000009500                Ecall_M_Mode_Handler
                0x0000000000009502                Ecall_U_Mode_Handler
                0x0000000000009504                Break_Point_Handler
                0x0000000000009506                SysTick_Handler
                0x0000000000009508                SW_Handler
                0x000000000000950a                WWDG_IRQHandler
                0x000000000000950c                PVD_IRQHandler
                0x000000000000950e                TAMPER_IRQHandler
                0x0000000000009510                RTC_IRQHandler
                0x0000000000009512                FLASH_IRQHandler
                0x0000000000009514                RCC_IRQHandler
                0x0000000000009520                DMA1_Channel1_IRQHandler
                0x0000000000009522                DMA1_Channel2_IRQHandler
                0x0000000000009524                DMA1_Channel3_IRQHandler
                0x0000000000009526                DMA1_Channel4_IRQHandler
                0x0000000000009528                DMA1_Channel5_IRQHandler
                0x000000000000952a                DMA1_Channel6_IRQHandler
                0x000000000000952c                DMA1_Channel7_IRQHandler
                0x000000000000952e                ADC1_2_IRQHandler
                0x0000000000009530                USB_HP_CAN1_TX_IRQHandler
                0x0000000000009532                USB_LP_CAN1_RX0_IRQHandler
                0x0000000000009534                CAN1_RX1_IRQHandler
                0x0000000000009536                CAN1_SCE_IRQHandler
                0x000000000000953a                TIM1_BRK_IRQHandler
                0x000000000000953e                TIM1_TRG_COM_IRQHandler
                0x0000000000009540                TIM1_CC_IRQHandler
                0x0000000000009548                I2C1_EV_IRQHandler
                0x000000000000954a                I2C1_ER_IRQHandler
                0x000000000000954c                I2C2_EV_IRQHandler
                0x000000000000954e                I2C2_ER_IRQHandler
                0x0000000000009550                SPI1_IRQHandler
                0x0000000000009552                SPI2_IRQHandler
                0x000000000000955c                RTCAlarm_IRQHandler
                0x000000000000955e                USBWakeUp_IRQHandler
                0x0000000000009560                TIM8_BRK_IRQHandler
                0x0000000000009564                TIM8_TRG_COM_IRQHandler
                0x0000000000009566                TIM8_CC_IRQHandler
                0x0000000000009568                RNG_IRQHandler
                0x000000000000956a                FSMC_IRQHandler
                0x000000000000956c                SDIO_IRQHandler
                0x0000000000009570                SPI3_IRQHandler
                0x000000000000957a                DMA2_Channel1_IRQHandler
                0x000000000000957c                DMA2_Channel2_IRQHandler
                0x000000000000957e                DMA2_Channel3_IRQHandler
                0x0000000000009580                DMA2_Channel4_IRQHandler
                0x0000000000009582                DMA2_Channel5_IRQHandler
                0x0000000000009584                ETH_IRQHandler
                0x0000000000009586                ETH_WKUP_IRQHandler
                0x0000000000009588                CAN2_TX_IRQHandler
                0x000000000000958a                CAN2_RX0_IRQHandler
                0x000000000000958c                CAN2_RX1_IRQHandler
                0x000000000000958e                CAN2_SCE_IRQHandler
                0x0000000000009592                USBHSWakeup_IRQHandler
                0x0000000000009594                USBHS_IRQHandler
                0x000000000000959e                TIM9_BRK_IRQHandler
                0x00000000000095a2                TIM9_TRG_COM_IRQHandler
                0x00000000000095a4                TIM9_CC_IRQHandler
                0x00000000000095a6                TIM10_BRK_IRQHandler
                0x00000000000095aa                TIM10_TRG_COM_IRQHandler
                0x00000000000095ac                TIM10_CC_IRQHandler
                0x00000000000095ae                DMA2_Channel6_IRQHandler
                0x00000000000095b0                DMA2_Channel7_IRQHandler
                0x00000000000095b2                DMA2_Channel8_IRQHandler
                0x00000000000095b4                DMA2_Channel9_IRQHandler
                0x00000000000095b6                DMA2_Channel10_IRQHandler
                0x00000000000095b8                DMA2_Channel11_IRQHandler
 .text.handle_reset
                0x00000000000095ba       0x8a ./sdk/Startup/startup_ch32v30x_D8C.o
                0x00000000000095ba                handle_reset
 .text.ADC_DeInit
                0x0000000000009644       0x60 ./sdk/Peripheral/ch32v30x_adc.o
                0x0000000000009644                ADC_DeInit
 .text.ADC_Init
                0x00000000000096a4      0x102 ./sdk/Peripheral/ch32v30x_adc.o
                0x00000000000096a4                ADC_Init
 .text.ADC_Cmd  0x00000000000097a6       0x3e ./sdk/Peripheral/ch32v30x_adc.o
                0x00000000000097a6                ADC_Cmd
 .text.ADC_ResetCalibration
                0x00000000000097e4       0x22 ./sdk/Peripheral/ch32v30x_adc.o
                0x00000000000097e4                ADC_ResetCalibration
 .text.ADC_GetResetCalibrationStatus
                0x0000000000009806       0x30 ./sdk/Peripheral/ch32v30x_adc.o
                0x0000000000009806                ADC_GetResetCalibrationStatus
 .text.ADC_StartCalibration
                0x0000000000009836       0x22 ./sdk/Peripheral/ch32v30x_adc.o
                0x0000000000009836                ADC_StartCalibration
 .text.ADC_GetCalibrationStatus
                0x0000000000009858       0x30 ./sdk/Peripheral/ch32v30x_adc.o
                0x0000000000009858                ADC_GetCalibrationStatus
 .text.ADC_SoftwareStartConvCmd
                0x0000000000009888       0x44 ./sdk/Peripheral/ch32v30x_adc.o
                0x0000000000009888                ADC_SoftwareStartConvCmd
 .text.ADC_RegularChannelConfig
                0x00000000000098cc      0x248 ./sdk/Peripheral/ch32v30x_adc.o
                0x00000000000098cc                ADC_RegularChannelConfig
 .text.ADC_GetFlagStatus
                0x0000000000009b14       0x3a ./sdk/Peripheral/ch32v30x_adc.o
                0x0000000000009b14                ADC_GetFlagStatus
 .text.ADC_BufferCmd
                0x0000000000009b4e       0x44 ./sdk/Peripheral/ch32v30x_adc.o
                0x0000000000009b4e                ADC_BufferCmd
 .text.EXTI_GetITStatus
                0x0000000000009b92       0x56 ./sdk/Peripheral/ch32v30x_exti.o
                0x0000000000009b92                EXTI_GetITStatus
 .text.EXTI_ClearITPendingBit
                0x0000000000009be8       0x20 ./sdk/Peripheral/ch32v30x_exti.o
                0x0000000000009be8                EXTI_ClearITPendingBit
 .text.GPIO_Init
                0x0000000000009c08      0x22a ./sdk/Peripheral/ch32v30x_gpio.o
                0x0000000000009c08                GPIO_Init
 .text.GPIO_WriteBit
                0x0000000000009e32       0x38 ./sdk/Peripheral/ch32v30x_gpio.o
                0x0000000000009e32                GPIO_WriteBit
 .text.GPIO_PinRemapConfig
                0x0000000000009e6a      0x1c8 ./sdk/Peripheral/ch32v30x_gpio.o
                0x0000000000009e6a                GPIO_PinRemapConfig
 .text.RCC_ADCCLKConfig
                0x000000000000a032       0x46 ./sdk/Peripheral/ch32v30x_rcc.o
                0x000000000000a032                RCC_ADCCLKConfig
 .text.RCC_GetClocksFreq
                0x000000000000a078      0x2c6 ./sdk/Peripheral/ch32v30x_rcc.o
                0x000000000000a078                RCC_GetClocksFreq
 .text.RCC_AHBPeriphClockCmd
                0x000000000000a33e       0x46 ./sdk/Peripheral/ch32v30x_rcc.o
                0x000000000000a33e                RCC_AHBPeriphClockCmd
 .text.RCC_APB2PeriphClockCmd
                0x000000000000a384       0x46 ./sdk/Peripheral/ch32v30x_rcc.o
                0x000000000000a384                RCC_APB2PeriphClockCmd
 .text.RCC_APB1PeriphClockCmd
                0x000000000000a3ca       0x46 ./sdk/Peripheral/ch32v30x_rcc.o
                0x000000000000a3ca                RCC_APB1PeriphClockCmd
 .text.RCC_APB2PeriphResetCmd
                0x000000000000a410       0x46 ./sdk/Peripheral/ch32v30x_rcc.o
                0x000000000000a410                RCC_APB2PeriphResetCmd
 .text.RCC_APB1PeriphResetCmd
                0x000000000000a456       0x46 ./sdk/Peripheral/ch32v30x_rcc.o
                0x000000000000a456                RCC_APB1PeriphResetCmd
 .text.SPI_I2S_DeInit
                0x000000000000a49c       0x76 ./sdk/Peripheral/ch32v30x_spi.o
                0x000000000000a49c                SPI_I2S_DeInit
 .text.SPI_Init
                0x000000000000a512       0xf8 ./sdk/Peripheral/ch32v30x_spi.o
                0x000000000000a512                SPI_Init
 .text.SPI_Cmd  0x000000000000a60a       0x5a ./sdk/Peripheral/ch32v30x_spi.o
                0x000000000000a60a                SPI_Cmd
 .text.TIM_TimeBaseInit
                0x000000000000a664      0x17e ./sdk/Peripheral/ch32v30x_tim.o
                0x000000000000a664                TIM_TimeBaseInit
 .text.TIM_OC1Init
                0x000000000000a7e2      0x19c ./sdk/Peripheral/ch32v30x_tim.o
                0x000000000000a7e2                TIM_OC1Init
 .text.TIM_OC2Init
                0x000000000000a97e      0x1e2 ./sdk/Peripheral/ch32v30x_tim.o
                0x000000000000a97e                TIM_OC2Init
 .text.TIM_OC3Init
                0x000000000000ab60      0x1dc ./sdk/Peripheral/ch32v30x_tim.o
                0x000000000000ab60                TIM_OC3Init
 .text.TIM_OC4Init
                0x000000000000ad3c      0x176 ./sdk/Peripheral/ch32v30x_tim.o
                0x000000000000ad3c                TIM_OC4Init
 .text.TIM_TimeBaseStructInit
                0x000000000000aeb2       0x3c ./sdk/Peripheral/ch32v30x_tim.o
                0x000000000000aeb2                TIM_TimeBaseStructInit
 .text.TIM_Cmd  0x000000000000aeee       0x58 ./sdk/Peripheral/ch32v30x_tim.o
                0x000000000000aeee                TIM_Cmd
 .text.TIM_CtrlPWMOutputs
                0x000000000000af46       0x60 ./sdk/Peripheral/ch32v30x_tim.o
                0x000000000000af46                TIM_CtrlPWMOutputs
 .text.TIM_ITConfig
                0x000000000000afa6       0x70 ./sdk/Peripheral/ch32v30x_tim.o
                0x000000000000afa6                TIM_ITConfig
 .text.TIM_ITRxExternalClockConfig
                0x000000000000b016       0x46 ./sdk/Peripheral/ch32v30x_tim.o
                0x000000000000b016                TIM_ITRxExternalClockConfig
 .text.TIM_SelectInputTrigger
                0x000000000000b05c       0x4e ./sdk/Peripheral/ch32v30x_tim.o
                0x000000000000b05c                TIM_SelectInputTrigger
 .text.TIM_OC1PreloadConfig
                0x000000000000b0aa       0x4c ./sdk/Peripheral/ch32v30x_tim.o
                0x000000000000b0aa                TIM_OC1PreloadConfig
 .text.TIM_OC2PreloadConfig
                0x000000000000b0f6       0x5a ./sdk/Peripheral/ch32v30x_tim.o
                0x000000000000b0f6                TIM_OC2PreloadConfig
 .text.TIM_OC3PreloadConfig
                0x000000000000b150       0x4c ./sdk/Peripheral/ch32v30x_tim.o
                0x000000000000b150                TIM_OC3PreloadConfig
 .text.TIM_OC4PreloadConfig
                0x000000000000b19c       0x5a ./sdk/Peripheral/ch32v30x_tim.o
                0x000000000000b19c                TIM_OC4PreloadConfig
 .text.TIM_OC1FastConfig
                0x000000000000b1f6       0x4c ./sdk/Peripheral/ch32v30x_tim.o
                0x000000000000b1f6                TIM_OC1FastConfig
 .text.TIM_OC2FastConfig
                0x000000000000b242       0x56 ./sdk/Peripheral/ch32v30x_tim.o
                0x000000000000b242                TIM_OC2FastConfig
 .text.TIM_OC3FastConfig
                0x000000000000b298       0x4c ./sdk/Peripheral/ch32v30x_tim.o
                0x000000000000b298                TIM_OC3FastConfig
 .text.TIM_OC4FastConfig
                0x000000000000b2e4       0x56 ./sdk/Peripheral/ch32v30x_tim.o
                0x000000000000b2e4                TIM_OC4FastConfig
 .text.TIM_GetITStatus
                0x000000000000b33a       0x70 ./sdk/Peripheral/ch32v30x_tim.o
                0x000000000000b33a                TIM_GetITStatus
 .text.TIM_ClearITPendingBit
                0x000000000000b3aa       0x2e ./sdk/Peripheral/ch32v30x_tim.o
                0x000000000000b3aa                TIM_ClearITPendingBit
 .text.USART_Init
                0x000000000000b3d8      0x234 ./sdk/Peripheral/ch32v30x_usart.o
                0x000000000000b3d8                USART_Init
 .text.USART_Cmd
                0x000000000000b60c       0x60 ./sdk/Peripheral/ch32v30x_usart.o
                0x000000000000b60c                USART_Cmd
 .text.USART_ITConfig
                0x000000000000b66c       0xc4 ./sdk/Peripheral/ch32v30x_usart.o
                0x000000000000b66c                USART_ITConfig
 .text.USART_SendData
                0x000000000000b730       0x2e ./sdk/Peripheral/ch32v30x_usart.o
                0x000000000000b730                USART_SendData
 .text.USART_GetFlagStatus
                0x000000000000b75e       0x46 ./sdk/Peripheral/ch32v30x_usart.o
                0x000000000000b75e                USART_GetFlagStatus
 .text.USART_GetITStatus
                0x000000000000b7a4      0x102 ./sdk/Peripheral/ch32v30x_usart.o
                0x000000000000b7a4                USART_GetITStatus
 .text.USART_ClearITPendingBit
                0x000000000000b8a6       0x4e ./sdk/Peripheral/ch32v30x_usart.o
                0x000000000000b8a6                USART_ClearITPendingBit
 .text.DevEP1_IN_Deal
                0x000000000000b8f4       0x3e ./sdk/Peripheral/ch32v30x_usbotg_device.o
                0x000000000000b8f4                DevEP1_IN_Deal
 .text.DevEP2_IN_Deal
                0x000000000000b932       0x3e ./sdk/Peripheral/ch32v30x_usbotg_device.o
                0x000000000000b932                DevEP2_IN_Deal
 .text.DevEP1_OUT_Deal
                0x000000000000b970       0x66 ./sdk/Peripheral/ch32v30x_usbotg_device.o
                0x000000000000b970                DevEP1_OUT_Deal
 .text.DevEP2_OUT_Deal
                0x000000000000b9d6       0x66 ./sdk/Peripheral/ch32v30x_usbotg_device.o
                0x000000000000b9d6                DevEP2_OUT_Deal
 .text.OTG_FS_IRQHandler
                0x000000000000ba3c      0xcf2 ./sdk/Peripheral/ch32v30x_usbotg_device.o
                0x000000000000ba3c                OTG_FS_IRQHandler
 .text.Beep_set
                0x000000000000c72e       0x26 ./code/Been.o
                0x000000000000c72e                Beep_set
 .text.Fitter_tof
                0x000000000000c754       0x54 ./code/Stadiometry.o
                0x000000000000c754                Fitter_tof
 .text.pit_handler
                0x000000000000c7a8       0x4a ./code/Stadiometry.o
                0x000000000000c7a8                pit_handler
 .text.PIT_handler
                0x000000000000c7f2       0x44 ./code/Stadiometry.o
                0x000000000000c7f2                PIT_handler
 .text.state_send
                0x000000000000c836       0x82 ./code/communication.o
                0x000000000000c836                state_send
 .text.Data_Send1
                0x000000000000c8b8      0x112 ./code/communication.o
                0x000000000000c8b8                Data_Send1
 .text.state_receive1
                0x000000000000c9ca       0xb4 ./code/communication.o
                0x000000000000c9ca                state_receive1
 .text.Fine_element_angle_point
                0x000000000000ca7e      0x9ca ./code/image.o
                0x000000000000ca7e                Fine_element_angle_point
 .text.Find_angle_point_grow_dir
                0x000000000000d448      0x208 ./code/image.o
                0x000000000000d448                Find_angle_point_grow_dir
 .text.Straight_line_judgment
                0x000000000000d650      0x1f4 ./code/image.o
                0x000000000000d650                Straight_line_judgment
 .text.Reair_Mid_Line
                0x000000000000d844      0x108 ./code/image.o
                0x000000000000d844                Reair_Mid_Line
 .text.Check_Small_S
                0x000000000000d94c      0x366 ./code/image.o
                0x000000000000d94c                Check_Small_S
 .text.Repire   0x000000000000dcb2      0x162 ./code/image.o
                0x000000000000dcb2                Repire
 .text.cross_deal
                0x000000000000de14     0x1f9e ./code/image.o
                0x000000000000de14                cross_deal
 .text.slope_cross_deal
                0x000000000000fdb2     0x3624 ./code/image.o
                0x000000000000fdb2                slope_cross_deal
 .text.assist_Right_ring_deal
                0x00000000000133d6      0x176 ./code/image.o
                0x00000000000133d6                assist_Right_ring_deal
 .text.assist_Left_ring_deal
                0x000000000001354c      0x176 ./code/image.o
                0x000000000001354c                assist_Left_ring_deal
 .text.Ring_Deal
                0x00000000000136c2     0x2122 ./code/image.o
                0x00000000000136c2                Ring_Deal
 .text.Barrier_Deal
                0x00000000000157e4      0x246 ./code/image.o
                0x00000000000157e4                Barrier_Deal
 .text.Final_deal
                0x0000000000015a2a      0x162 ./code/image.o
                0x0000000000015a2a                Final_deal
 .text.steer_deal
                0x0000000000015b8c      0x156 ./code/image.o
                0x0000000000015b8c                steer_deal
 .text.Out_door_deal
                0x0000000000015ce2       0x96 ./code/image.o
                0x0000000000015ce2                Out_door_deal
 .text.In_door_deal
                0x0000000000015d78      0x7d4 ./code/image.o
                0x0000000000015d78                In_door_deal
 .text.Charge_Resue
                0x000000000001654c      0x242 ./code/image.o
                0x000000000001654c                Charge_Resue
 .text.Ramp_Deal
                0x000000000001678e       0xfc ./code/image.o
                0x000000000001678e                Ramp_Deal
 .text.Break_Road_Deal
                0x000000000001688a      0x9b4 ./code/image.o
                0x000000000001688a                Break_Road_Deal
 .text.Add_line_user_twopoint_slope
                0x000000000001723e      0x1a0 ./code/image.o
                0x000000000001723e                Add_line_user_twopoint_slope
 .text.Add_line
                0x00000000000173de      0x16c ./code/image.o
                0x00000000000173de                Add_line
 .text.Add_line_other
                0x000000000001754a      0x14a ./code/image.o
                0x000000000001754a                Add_line_other
 .text.turn_error
                0x0000000000017694      0x3ac ./code/image.o
                0x0000000000017694                turn_error
 .text.Find_guaidian
                0x0000000000017a40      0x484 ./code/image.o
                0x0000000000017a40                Find_guaidian
 .text.Fine_baihang
                0x0000000000017ec4      0x222 ./code/image.o
                0x0000000000017ec4                Fine_baihang
 .text.Fine_width_baihang
                0x00000000000180e6      0x274 ./code/image.o
                0x00000000000180e6                Fine_width_baihang
 .text.Fine_heihang
                0x000000000001835a      0x212 ./code/image.o
                0x000000000001835a                Fine_heihang
 .text.my_adapt_threshold
                0x000000000001856c      0x444 ./code/image_deal.o
                0x000000000001856c                my_adapt_threshold
 .text.Gray_Search_Line
                0x00000000000189b0      0x186 ./code/image_deal.o
                0x00000000000189b0                Gray_Search_Line
 .text.Binaryation
                0x0000000000018b36       0xb8 ./code/image_deal.o
                0x0000000000018b36                Binaryation
 .text.gray_check_bounday_lose
                0x0000000000018bee      0x15c ./code/image_deal.o
                0x0000000000018bee                gray_check_bounday_lose
 .text.Image_Deal
                0x0000000000018d4a       0x8c ./code/image_deal.o
                0x0000000000018d4a                Image_Deal
 .text.getAngle
                0x0000000000018dd6      0x192 ./code/image_deal.o
                0x0000000000018dd6                getAngle
 .text.Slope_calculate
                0x0000000000018f68      0x17a ./code/image_deal.o
                0x0000000000018f68                Slope_calculate
 .text.regression
                0x00000000000190e2      0x448 ./code/image_deal.o
                0x00000000000190e2                regression
 .text.clip     0x000000000001952a       0x3a ./code/imgproc.o
                0x000000000001952a                clip
 .text.nms_angle
                0x0000000000019564      0x1b0 ./code/imgproc.o
                0x0000000000019564                nms_angle
 .text.my_abs   0x0000000000019714       0x28 ./code/imgproc.o
                0x0000000000019714                my_abs
 .text.limit_a_b
                0x000000000001973c       0x48 ./code/imgproc.o
                0x000000000001973c                limit_a_b
 .text.labyrinth_get_start_point
                0x0000000000019784      0x4b6 ./code/imgproc.o
                0x0000000000019784                labyrinth_get_start_point
 .text.image_draw_rectan_labyrinth
                0x0000000000019c3a       0x88 ./code/imgproc.o
                0x0000000000019c3a                image_draw_rectan_labyrinth
 .text.labyrinth_image_process
                0x0000000000019cc2     0x1096 ./code/imgproc.o
                0x0000000000019cc2                labyrinth_image_process
 .text.Get_new_Line
                0x000000000001ad58      0x152 ./code/imgproc.o
                0x000000000001ad58                Get_new_Line
 .text.findline_lefthand_binaryzation
                0x000000000001aeaa      0x242 ./code/imgproc.o
                0x000000000001aeaa                findline_lefthand_binaryzation
 .text.findline_righthand_binaryzation
                0x000000000001b0ec      0x242 ./code/imgproc.o
                0x000000000001b0ec                findline_righthand_binaryzation
 .text.findline_lefthand_binaryzation_angle_user
                0x000000000001b32e      0x258 ./code/imgproc.o
                0x000000000001b32e                findline_lefthand_binaryzation_angle_user
 .text.findline_righthand_binaryzation_angle_user
                0x000000000001b586      0x258 ./code/imgproc.o
                0x000000000001b586                findline_righthand_binaryzation_angle_user
 .text.draw_line
                0x000000000001b7de      0x174 ./code/imgproc.o
                0x000000000001b7de                draw_line
 .text.draw_point_red
                0x000000000001b952      0x202 ./code/imgproc.o
                0x000000000001b952                draw_point_red
 .text.Init_Magenet_AD
                0x000000000001bb54       0x42 ./code/inductor.o
                0x000000000001bb54                Init_Magenet_AD
 .text.Get_InductValue
                0x000000000001bb96      0x180 ./code/inductor.o
                0x000000000001bb96                Get_InductValue
 .text.Is_InductorValue_Normal
                0x000000000001bd16       0x6a ./code/inductor.o
                0x000000000001bd16                Is_InductorValue_Normal
 .text.InductorVal_Filter_Kalman
                0x000000000001bd80       0xde ./code/inductor.o
                0x000000000001bd80                InductorVal_Filter_Kalman
 .text.Normalize_Induct
                0x000000000001be5e      0x11a ./code/inductor.o
                0x000000000001be5e                Normalize_Induct
 .text.Calculate_Deviation
                0x000000000001bf78       0xfa ./code/inductor.o
                0x000000000001bf78                Calculate_Deviation
 .text.Get_ADC  0x000000000001c072       0x62 ./code/inductor.o
                0x000000000001c072                Get_ADC
 .text.Init_contral
                0x000000000001c0d4      0x1fc ./code/motor.o
                0x000000000001c0d4                Init_contral
 .text.Init_encoder
                0x000000000001c2d0       0x3e ./code/motor.o
                0x000000000001c2d0                Init_encoder
 .text.Get_Speed
                0x000000000001c30e      0x50c ./code/motor.o
                0x000000000001c30e                Get_Speed
 .text.Ackerman_Left
                0x000000000001c81a      0x50e ./code/motor.o
                0x000000000001c81a                Ackerman_Left
 .text.Ackerman_Right
                0x000000000001cd28      0x510 ./code/motor.o
                0x000000000001cd28                Ackerman_Right
 .text.Ackerman
                0x000000000001d238       0x98 ./code/motor.o
                0x000000000001d238                Ackerman
 .text.Car_Protect
                0x000000000001d2d0       0x7a ./code/motor.o
                0x000000000001d2d0                Car_Protect
 .text.Moto_Out
                0x000000000001d34a      0x11e ./code/motor.o
                0x000000000001d34a                Moto_Out
 .text.Template_motor
                0x000000000001d468       0x70 ./code/motor.o
                0x000000000001d468                Template_motor
 .text.Template_motor_out
                0x000000000001d4d8       0x2e ./code/motor.o
                0x000000000001d4d8                Template_motor_out
 .text.Angle_Calcu
                0x000000000001d506      0x25e ./code/mpu_angle.o
                0x000000000001d506                Angle_Calcu
 .text.Mpu_Filter_GyroZ
                0x000000000001d764       0xa2 ./code/mpu_angle.o
 .text.Mpu_Filter_GyroX
                0x000000000001d806       0x9a ./code/mpu_angle.o
 .text.Mpu_Filter_GyroY
                0x000000000001d8a0       0x9a ./code/mpu_angle.o
 .text.gyroOffset_init
                0x000000000001d93a       0xfc ./code/mpu_angle.o
                0x000000000001d93a                gyroOffset_init
 .text.Mypid_Init
                0x000000000001da36      0x17c ./code/mypid.o
                0x000000000001da36                Mypid_Init
 .text.Steering_gear_PID
                0x000000000001dbb2      0x4c2 ./code/mypid.o
                0x000000000001dbb2                Steering_gear_PID
 .text.Inductor_user_PID
                0x000000000001e074      0x112 ./code/mypid.o
                0x000000000001e074                Inductor_user_PID
 .text.slopetoangle_user_PID
                0x000000000001e186      0x110 ./code/mypid.o
                0x000000000001e186                slopetoangle_user_PID
 .text.Car_Stop_PID
                0x000000000001e296       0xb6 ./code/mypid.o
                0x000000000001e296                Car_Stop_PID
 .text.First_Order_KalmanFilter
                0x000000000001e34c      0x108 ./code/some_algorithm.o
                0x000000000001e34c                First_Order_KalmanFilter
 .text.Slope_Calculate
                0x000000000001e454      0x15e ./code/some_algorithm.o
                0x000000000001e454                Slope_Calculate
 .text.LIMIT    0x000000000001e5b2       0x60 ./code/some_algorithm.o
                0x000000000001e5b2                LIMIT
 .text.ELEMENT_INIT
                0x000000000001e612       0x8e ./code/speed_mode.o
                0x000000000001e612                ELEMENT_INIT
 .text.ELEMENT_COUNT
                0x000000000001e6a0      0x6f0 ./code/speed_mode.o
                0x000000000001e6a0                ELEMENT_COUNT
 .text.control_mode
                0x000000000001ed90       0xd8 ./code/speed_mode.o
                0x000000000001ed90                control_mode
 .text.steering_init
                0x000000000001ee68       0x7e ./code/streeing.o
                0x000000000001ee68                steering_init
 .text.steering_angl
                0x000000000001eee6       0x76 ./code/streeing.o
                0x000000000001eee6                steering_angl
 .text.Init_All
                0x000000000001ef5c      0x178 ./code/system.o
                0x000000000001ef5c                Init_All
 .text.Key_init
                0x000000000001f0d4       0x60 ./code/ui_key.o
                0x000000000001f0d4                Key_init
 .text.fun_0    0x000000000001f134       0x9e ./code/ui_key.o
                0x000000000001f134                fun_0
 .text.fun_a1   0x000000000001f1d2       0x6c ./code/ui_key.o
                0x000000000001f1d2                fun_a1
 .text.fun_b1   0x000000000001f23e       0x6e ./code/ui_key.o
                0x000000000001f23e                fun_b1
 .text.fun_c1   0x000000000001f2ac       0x6e ./code/ui_key.o
                0x000000000001f2ac                fun_c1
 .text.fun_d1   0x000000000001f31a       0x6e ./code/ui_key.o
                0x000000000001f31a                fun_d1
 .text.fun_a21  0x000000000001f388       0x6c ./code/ui_key.o
                0x000000000001f388                fun_a21
 .text.fun_a22  0x000000000001f3f4       0x6e ./code/ui_key.o
                0x000000000001f3f4                fun_a22
 .text.fun_a23  0x000000000001f462       0x6e ./code/ui_key.o
                0x000000000001f462                fun_a23
 .text.fun_a24  0x000000000001f4d0       0x6e ./code/ui_key.o
                0x000000000001f4d0                fun_a24
 .text.fun_b21  0x000000000001f53e       0x6c ./code/ui_key.o
                0x000000000001f53e                fun_b21
 .text.fun_b22  0x000000000001f5aa       0x6e ./code/ui_key.o
                0x000000000001f5aa                fun_b22
 .text.fun_b23  0x000000000001f618       0x6e ./code/ui_key.o
                0x000000000001f618                fun_b23
 .text.fun_b24  0x000000000001f686       0x6e ./code/ui_key.o
                0x000000000001f686                fun_b24
 .text.fun_c21  0x000000000001f6f4       0x6c ./code/ui_key.o
                0x000000000001f6f4                fun_c21
 .text.fun_c22  0x000000000001f760       0x6e ./code/ui_key.o
                0x000000000001f760                fun_c22
 .text.fun_c23  0x000000000001f7ce       0x6e ./code/ui_key.o
                0x000000000001f7ce                fun_c23
 .text.fun_c24  0x000000000001f83c       0x6e ./code/ui_key.o
                0x000000000001f83c                fun_c24
 .text.fun_a31  0x000000000001f8aa      0x33a ./code/ui_key.o
                0x000000000001f8aa                fun_a31
 .text.fun_a32  0x000000000001fbe4      0x268 ./code/ui_key.o
                0x000000000001fbe4                fun_a32
 .text.fun_a33  0x000000000001fe4c        0xe ./code/ui_key.o
                0x000000000001fe4c                fun_a33
 .text.fun_b31  0x000000000001fe5a      0x1d2 ./code/ui_key.o
                0x000000000001fe5a                fun_b31
 .text.fun_b32  0x000000000002002c      0x16c ./code/ui_key.o
                0x000000000002002c                fun_b32
 .text.fun_b33  0x0000000000020198      0x1c4 ./code/ui_key.o
                0x0000000000020198                fun_b33
 .text.fun_c31  0x000000000002035c      0x1c4 ./code/ui_key.o
                0x000000000002035c                fun_c31
 .text.fun_c32  0x0000000000020520      0x140 ./code/ui_key.o
                0x0000000000020520                fun_c32
 .text.fun_c33  0x0000000000020660      0x2f6 ./code/ui_key.o
                0x0000000000020660                fun_c33
 .text.KEY      0x0000000000020956      0x14a ./code/ui_key.o
                0x0000000000020956                KEY
 .text.wheel_init
                0x0000000000020aa0       0xcc ./code/wheel.o
                0x0000000000020aa0                wheel_init
 .text.wheel_speed
                0x0000000000020b6c       0xb8 ./code/wheel.o
                0x0000000000020b6c                wheel_speed
 .text.tan      0x0000000000020c24       0x5e d:/mounriver/mounriver_studio/toolchain/risc-v embedded gcc/bin/../lib/gcc/riscv-none-embed/8.2.0/../../../../riscv-none-embed/lib/rv32imafc/ilp32f\libm.a(lib_a-s_tan.o)
                0x0000000000020c24                tan
 .text.atanf    0x0000000000020c82      0x204 d:/mounriver/mounriver_studio/toolchain/risc-v embedded gcc/bin/../lib/gcc/riscv-none-embed/8.2.0/../../../../riscv-none-embed/lib/rv32imafc/ilp32f\libm.a(lib_a-sf_atan.o)
                0x0000000000020c82                atanf
 .text.fabsf    0x0000000000020e86        0xe d:/mounriver/mounriver_studio/toolchain/risc-v embedded gcc/bin/../lib/gcc/riscv-none-embed/8.2.0/../../../../riscv-none-embed/lib/rv32imafc/ilp32f\libm.a(lib_a-sf_fabs.o)
                0x0000000000020e86                fabsf
 .text.acos     0x0000000000020e94       0xbe d:/mounriver/mounriver_studio/toolchain/risc-v embedded gcc/bin/../lib/gcc/riscv-none-embed/8.2.0/../../../../riscv-none-embed/lib/rv32imafc/ilp32f\libm.a(lib_a-w_acos.o)
                0x0000000000020e94                acos
 .text.pow      0x0000000000020f52      0x326 d:/mounriver/mounriver_studio/toolchain/risc-v embedded gcc/bin/../lib/gcc/riscv-none-embed/8.2.0/../../../../riscv-none-embed/lib/rv32imafc/ilp32f\libm.a(lib_a-w_pow.o)
                0x0000000000020f52                pow
 .text.sqrt     0x0000000000021278       0xba d:/mounriver/mounriver_studio/toolchain/risc-v embedded gcc/bin/../lib/gcc/riscv-none-embed/8.2.0/../../../../riscv-none-embed/lib/rv32imafc/ilp32f\libm.a(lib_a-w_sqrt.o)
                0x0000000000021278                sqrt
 .text.__ieee754_acos
                0x0000000000021332      0x4ea d:/mounriver/mounriver_studio/toolchain/risc-v embedded gcc/bin/../lib/gcc/riscv-none-embed/8.2.0/../../../../riscv-none-embed/lib/rv32imafc/ilp32f\libm.a(lib_a-e_acos.o)
                0x0000000000021332                __ieee754_acos
 .text.__ieee754_pow
                0x000000000002181c      0xad8 d:/mounriver/mounriver_studio/toolchain/risc-v embedded gcc/bin/../lib/gcc/riscv-none-embed/8.2.0/../../../../riscv-none-embed/lib/rv32imafc/ilp32f\libm.a(lib_a-e_pow.o)
                0x000000000002181c                __ieee754_pow
 .text.__ieee754_rem_pio2
                0x00000000000222f4      0x464 d:/mounriver/mounriver_studio/toolchain/risc-v embedded gcc/bin/../lib/gcc/riscv-none-embed/8.2.0/../../../../riscv-none-embed/lib/rv32imafc/ilp32f\libm.a(lib_a-e_rem_pio2.o)
                0x00000000000222f4                __ieee754_rem_pio2
 .text.__ieee754_sqrt
                0x0000000000022758      0x1d6 d:/mounriver/mounriver_studio/toolchain/risc-v embedded gcc/bin/../lib/gcc/riscv-none-embed/8.2.0/../../../../riscv-none-embed/lib/rv32imafc/ilp32f\libm.a(lib_a-e_sqrt.o)
                0x0000000000022758                __ieee754_sqrt
 .text.__kernel_rem_pio2
                0x000000000002292e      0x954 d:/mounriver/mounriver_studio/toolchain/risc-v embedded gcc/bin/../lib/gcc/riscv-none-embed/8.2.0/../../../../riscv-none-embed/lib/rv32imafc/ilp32f\libm.a(lib_a-k_rem_pio2.o)
                0x000000000002292e                __kernel_rem_pio2
 .text.__kernel_tan
                0x0000000000023282      0x3ae d:/mounriver/mounriver_studio/toolchain/risc-v embedded gcc/bin/../lib/gcc/riscv-none-embed/8.2.0/../../../../riscv-none-embed/lib/rv32imafc/ilp32f\libm.a(lib_a-k_tan.o)
                0x0000000000023282                __kernel_tan
 .text.fabs     0x0000000000023630        0x6 d:/mounriver/mounriver_studio/toolchain/risc-v embedded gcc/bin/../lib/gcc/riscv-none-embed/8.2.0/../../../../riscv-none-embed/lib/rv32imafc/ilp32f\libm.a(lib_a-s_fabs.o)
                0x0000000000023630                fabs
 .text.finite   0x0000000000023636        0xe d:/mounriver/mounriver_studio/toolchain/risc-v embedded gcc/bin/../lib/gcc/riscv-none-embed/8.2.0/../../../../riscv-none-embed/lib/rv32imafc/ilp32f\libm.a(lib_a-s_finite.o)
                0x0000000000023636                finite
 .text.floor    0x0000000000023644      0x158 d:/mounriver/mounriver_studio/toolchain/risc-v embedded gcc/bin/../lib/gcc/riscv-none-embed/8.2.0/../../../../riscv-none-embed/lib/rv32imafc/ilp32f\libm.a(lib_a-s_floor.o)
                0x0000000000023644                floor
 .text.matherr  0x000000000002379c        0x4 d:/mounriver/mounriver_studio/toolchain/risc-v embedded gcc/bin/../lib/gcc/riscv-none-embed/8.2.0/../../../../riscv-none-embed/lib/rv32imafc/ilp32f\libm.a(lib_a-s_matherr.o)
                0x000000000002379c                matherr
 .text.nan      0x00000000000237a0        0xe d:/mounriver/mounriver_studio/toolchain/risc-v embedded gcc/bin/../lib/gcc/riscv-none-embed/8.2.0/../../../../riscv-none-embed/lib/rv32imafc/ilp32f\libm.a(lib_a-s_nan.o)
                0x00000000000237a0                nan
 .text.rint     0x00000000000237ae      0x18c d:/mounriver/mounriver_studio/toolchain/risc-v embedded gcc/bin/../lib/gcc/riscv-none-embed/8.2.0/../../../../riscv-none-embed/lib/rv32imafc/ilp32f\libm.a(lib_a-s_rint.o)
                0x00000000000237ae                rint
 .text.scalbn   0x000000000002393a      0x140 d:/mounriver/mounriver_studio/toolchain/risc-v embedded gcc/bin/../lib/gcc/riscv-none-embed/8.2.0/../../../../riscv-none-embed/lib/rv32imafc/ilp32f\libm.a(lib_a-s_scalbn.o)
                0x000000000002393a                scalbn
 .text.copysign
                0x0000000000023a7a       0x16 d:/mounriver/mounriver_studio/toolchain/risc-v embedded gcc/bin/../lib/gcc/riscv-none-embed/8.2.0/../../../../riscv-none-embed/lib/rv32imafc/ilp32f\libm.a(lib_a-s_copysign.o)
                0x0000000000023a7a                copysign
 .text.mt9v03x_write_word_sccb
                0x0000000000023a90       0x34 C:\Users\linjias\Desktop\car\CHV307_forword_car\libraries\zf_device\libzf_device_config.a(zf_device_config.o)
 .text.mt9v03x_set_config_sccb
                0x0000000000023ac4      0x614 C:\Users\linjias\Desktop\car\CHV307_forword_car\libraries\zf_device\libzf_device_config.a(zf_device_config.o)
                0x0000000000023ac4                mt9v03x_set_config_sccb
 .text.__adddf3
                0x00000000000240d8      0xa0e d:/mounriver/mounriver_studio/toolchain/risc-v embedded gcc/bin/../lib/gcc/riscv-none-embed/8.2.0/rv32imafc/ilp32f\libgcc.a(adddf3.o)
                0x00000000000240d8                __adddf3
 .text.__divdf3
                0x0000000000024ae6      0x7ea d:/mounriver/mounriver_studio/toolchain/risc-v embedded gcc/bin/../lib/gcc/riscv-none-embed/8.2.0/rv32imafc/ilp32f\libgcc.a(divdf3.o)
                0x0000000000024ae6                __divdf3
 .text.__eqdf2  0x00000000000252d0       0x98 d:/mounriver/mounriver_studio/toolchain/risc-v embedded gcc/bin/../lib/gcc/riscv-none-embed/8.2.0/rv32imafc/ilp32f\libgcc.a(eqdf2.o)
                0x00000000000252d0                __nedf2
                0x00000000000252d0                __eqdf2
 .text.__gedf2  0x0000000000025368       0xb6 d:/mounriver/mounriver_studio/toolchain/risc-v embedded gcc/bin/../lib/gcc/riscv-none-embed/8.2.0/rv32imafc/ilp32f\libgcc.a(gedf2.o)
                0x0000000000025368                __gedf2
                0x0000000000025368                __gtdf2
 .text.__ledf2  0x000000000002541e       0xb6 d:/mounriver/mounriver_studio/toolchain/risc-v embedded gcc/bin/../lib/gcc/riscv-none-embed/8.2.0/rv32imafc/ilp32f\libgcc.a(ledf2.o)
                0x000000000002541e                __ledf2
                0x000000000002541e                __ltdf2
 .text.__muldf3
                0x00000000000254d4      0x656 d:/mounriver/mounriver_studio/toolchain/risc-v embedded gcc/bin/../lib/gcc/riscv-none-embed/8.2.0/rv32imafc/ilp32f\libgcc.a(muldf3.o)
                0x00000000000254d4                __muldf3
 .text.__subdf3
                0x0000000000025b2a      0xa8c d:/mounriver/mounriver_studio/toolchain/risc-v embedded gcc/bin/../lib/gcc/riscv-none-embed/8.2.0/rv32imafc/ilp32f\libgcc.a(subdf3.o)
                0x0000000000025b2a                __subdf3
 .text.__unorddf2
                0x00000000000265b6       0x7c d:/mounriver/mounriver_studio/toolchain/risc-v embedded gcc/bin/../lib/gcc/riscv-none-embed/8.2.0/rv32imafc/ilp32f\libgcc.a(unorddf2.o)
                0x00000000000265b6                __unorddf2
 .text.__fixdfsi
                0x0000000000026632       0xd8 d:/mounriver/mounriver_studio/toolchain/risc-v embedded gcc/bin/../lib/gcc/riscv-none-embed/8.2.0/rv32imafc/ilp32f\libgcc.a(fixdfsi.o)
                0x0000000000026632                __fixdfsi
 .text.__fixunsdfsi
                0x000000000002670a       0x9e d:/mounriver/mounriver_studio/toolchain/risc-v embedded gcc/bin/../lib/gcc/riscv-none-embed/8.2.0/rv32imafc/ilp32f\libgcc.a(fixunsdfsi.o)
                0x000000000002670a                __fixunsdfsi
 .text.__floatsidf
                0x00000000000267a8       0x70 d:/mounriver/mounriver_studio/toolchain/risc-v embedded gcc/bin/../lib/gcc/riscv-none-embed/8.2.0/rv32imafc/ilp32f\libgcc.a(floatsidf.o)
                0x00000000000267a8                __floatsidf
 .text.__floatunsidf
                0x0000000000026818       0x66 d:/mounriver/mounriver_studio/toolchain/risc-v embedded gcc/bin/../lib/gcc/riscv-none-embed/8.2.0/rv32imafc/ilp32f\libgcc.a(floatunsidf.o)
                0x0000000000026818                __floatunsidf
 .text.__extendsfdf2
                0x000000000002687e       0xe8 d:/mounriver/mounriver_studio/toolchain/risc-v embedded gcc/bin/../lib/gcc/riscv-none-embed/8.2.0/rv32imafc/ilp32f\libgcc.a(extendsfdf2.o)
                0x000000000002687e                __extendsfdf2
 .text.__truncdfsf2
                0x0000000000026966      0x31e d:/mounriver/mounriver_studio/toolchain/risc-v embedded gcc/bin/../lib/gcc/riscv-none-embed/8.2.0/rv32imafc/ilp32f\libgcc.a(truncdfsf2.o)
                0x0000000000026966                __truncdfsf2
 .text.__clzsi2
                0x0000000000026c84       0x76 d:/mounriver/mounriver_studio/toolchain/risc-v embedded gcc/bin/../lib/gcc/riscv-none-embed/8.2.0/rv32imafc/ilp32f\libgcc.a(_clzsi2.o)
                0x0000000000026c84                __clzsi2
 .text.__errno  0x0000000000026cfa        0x8 d:/mounriver/mounriver_studio/toolchain/risc-v embedded gcc/bin/../lib/gcc/riscv-none-embed/8.2.0/../../../../riscv-none-embed/lib/rv32imafc/ilp32f\libg_nano.a(lib_a-errno.o)
                0x0000000000026cfa                __errno
 .text.memcpy   0x0000000000026d02       0xb6 d:/mounriver/mounriver_studio/toolchain/risc-v embedded gcc/bin/../lib/gcc/riscv-none-embed/8.2.0/../../../../riscv-none-embed/lib/rv32imafc/ilp32f\libg_nano.a(lib_a-memcpy.o)
                0x0000000000026d02                memcpy
 .text.__cvt    0x0000000000026db8       0xee d:/mounriver/mounriver_studio/toolchain/risc-v embedded gcc/bin/../lib/gcc/riscv-none-embed/8.2.0/../../../../riscv-none-embed/lib/rv32imafc/ilp32f\libg_nano.a(lib_a-nano-vfprintf_float.o)
                0x0000000000026db8                __cvt
 .text.__exponent
                0x0000000000026ea6       0x8c d:/mounriver/mounriver_studio/toolchain/risc-v embedded gcc/bin/../lib/gcc/riscv-none-embed/8.2.0/../../../../riscv-none-embed/lib/rv32imafc/ilp32f\libg_nano.a(lib_a-nano-vfprintf_float.o)
                0x0000000000026ea6                __exponent
 .text._printf_float
                0x0000000000026f32      0x4c4 d:/mounriver/mounriver_studio/toolchain/risc-v embedded gcc/bin/../lib/gcc/riscv-none-embed/8.2.0/../../../../riscv-none-embed/lib/rv32imafc/ilp32f\libg_nano.a(lib_a-nano-vfprintf_float.o)
                0x0000000000026f32                _printf_float
 .text._printf_common
                0x00000000000273f6      0x10c d:/mounriver/mounriver_studio/toolchain/risc-v embedded gcc/bin/../lib/gcc/riscv-none-embed/8.2.0/../../../../riscv-none-embed/lib/rv32imafc/ilp32f\libg_nano.a(lib_a-nano-vfprintf_i.o)
                0x00000000000273f6                _printf_common
 .text._printf_i
                0x0000000000027502      0x2ac d:/mounriver/mounriver_studio/toolchain/risc-v embedded gcc/bin/../lib/gcc/riscv-none-embed/8.2.0/../../../../riscv-none-embed/lib/rv32imafc/ilp32f\libg_nano.a(lib_a-nano-vfprintf_i.o)
                0x0000000000027502                _printf_i
 .text.printf   0x00000000000277ae       0x42 d:/mounriver/mounriver_studio/toolchain/risc-v embedded gcc/bin/../lib/gcc/riscv-none-embed/8.2.0/../../../../riscv-none-embed/lib/rv32imafc/ilp32f\libg_nano.a(lib_a-printf.o)
                0x00000000000277ae                iprintf
                0x00000000000277ae                printf
 .text.sprintf  0x00000000000277f0       0x46 d:/mounriver/mounriver_studio/toolchain/risc-v embedded gcc/bin/../lib/gcc/riscv-none-embed/8.2.0/../../../../riscv-none-embed/lib/rv32imafc/ilp32f\libg_nano.a(lib_a-sprintf.o)
                0x00000000000277f0                siprintf
                0x00000000000277f0                sprintf
 .text.strlen   0x0000000000027836       0x12 d:/mounriver/mounriver_studio/toolchain/risc-v embedded gcc/bin/../lib/gcc/riscv-none-embed/8.2.0/../../../../riscv-none-embed/lib/rv32imafc/ilp32f\libg_nano.a(lib_a-strlen.o)
                0x0000000000027836                strlen
 .text.quorem   0x0000000000027848      0x13a d:/mounriver/mounriver_studio/toolchain/risc-v embedded gcc/bin/../lib/gcc/riscv-none-embed/8.2.0/../../../../riscv-none-embed/lib/rv32imafc/ilp32f\libg_nano.a(lib_a-dtoa.o)
 .text._dtoa_r  0x0000000000027982      0xbea d:/mounriver/mounriver_studio/toolchain/risc-v embedded gcc/bin/../lib/gcc/riscv-none-embed/8.2.0/../../../../riscv-none-embed/lib/rv32imafc/ilp32f\libg_nano.a(lib_a-dtoa.o)
                0x0000000000027982                _dtoa_r
 .text.std      0x000000000002856c       0x6a d:/mounriver/mounriver_studio/toolchain/risc-v embedded gcc/bin/../lib/gcc/riscv-none-embed/8.2.0/../../../../riscv-none-embed/lib/rv32imafc/ilp32f\libg_nano.a(lib_a-findfp.o)
 .text._cleanup_r
                0x00000000000285d6        0xa d:/mounriver/mounriver_studio/toolchain/risc-v embedded gcc/bin/../lib/gcc/riscv-none-embed/8.2.0/../../../../riscv-none-embed/lib/rv32imafc/ilp32f\libg_nano.a(lib_a-findfp.o)
                0x00000000000285d6                _cleanup_r
 .text.__sfmoreglue
                0x00000000000285e0       0x48 d:/mounriver/mounriver_studio/toolchain/risc-v embedded gcc/bin/../lib/gcc/riscv-none-embed/8.2.0/../../../../riscv-none-embed/lib/rv32imafc/ilp32f\libg_nano.a(lib_a-findfp.o)
                0x00000000000285e0                __sfmoreglue
 .text.__sinit  0x0000000000028628       0x6c d:/mounriver/mounriver_studio/toolchain/risc-v embedded gcc/bin/../lib/gcc/riscv-none-embed/8.2.0/../../../../riscv-none-embed/lib/rv32imafc/ilp32f\libg_nano.a(lib_a-findfp.o)
                0x0000000000028628                __sinit
 .text.__sfp    0x0000000000028694       0xa0 d:/mounriver/mounriver_studio/toolchain/risc-v embedded gcc/bin/../lib/gcc/riscv-none-embed/8.2.0/../../../../riscv-none-embed/lib/rv32imafc/ilp32f\libg_nano.a(lib_a-findfp.o)
                0x0000000000028694                __sfp
 .text._fwalk_reent
                0x0000000000028734       0x6c d:/mounriver/mounriver_studio/toolchain/risc-v embedded gcc/bin/../lib/gcc/riscv-none-embed/8.2.0/../../../../riscv-none-embed/lib/rv32imafc/ilp32f\libg_nano.a(lib_a-fwalk.o)
                0x0000000000028734                _fwalk_reent
 .text._localeconv_r
                0x00000000000287a0       0x18 d:/mounriver/mounriver_studio/toolchain/risc-v embedded gcc/bin/../lib/gcc/riscv-none-embed/8.2.0/../../../../riscv-none-embed/lib/rv32imafc/ilp32f\libg_nano.a(lib_a-localeconv.o)
                0x00000000000287a0                _localeconv_r
 .text.malloc   0x00000000000287b8        0xc d:/mounriver/mounriver_studio/toolchain/risc-v embedded gcc/bin/../lib/gcc/riscv-none-embed/8.2.0/../../../../riscv-none-embed/lib/rv32imafc/ilp32f\libg_nano.a(lib_a-malloc.o)
                0x00000000000287b8                malloc
 .text.memchr   0x00000000000287c4       0x1a d:/mounriver/mounriver_studio/toolchain/risc-v embedded gcc/bin/../lib/gcc/riscv-none-embed/8.2.0/../../../../riscv-none-embed/lib/rv32imafc/ilp32f\libg_nano.a(lib_a-memchr.o)
                0x00000000000287c4                memchr
 .text._Balloc  0x00000000000287de       0x88 d:/mounriver/mounriver_studio/toolchain/risc-v embedded gcc/bin/../lib/gcc/riscv-none-embed/8.2.0/../../../../riscv-none-embed/lib/rv32imafc/ilp32f\libg_nano.a(lib_a-mprec.o)
                0x00000000000287de                _Balloc
 .text._Bfree   0x0000000000028866       0x44 d:/mounriver/mounriver_studio/toolchain/risc-v embedded gcc/bin/../lib/gcc/riscv-none-embed/8.2.0/../../../../riscv-none-embed/lib/rv32imafc/ilp32f\libg_nano.a(lib_a-mprec.o)
                0x0000000000028866                _Bfree
 .text.__multadd
                0x00000000000288aa       0x98 d:/mounriver/mounriver_studio/toolchain/risc-v embedded gcc/bin/../lib/gcc/riscv-none-embed/8.2.0/../../../../riscv-none-embed/lib/rv32imafc/ilp32f\libg_nano.a(lib_a-mprec.o)
                0x00000000000288aa                __multadd
 .text.__hi0bits
                0x0000000000028942       0x46 d:/mounriver/mounriver_studio/toolchain/risc-v embedded gcc/bin/../lib/gcc/riscv-none-embed/8.2.0/../../../../riscv-none-embed/lib/rv32imafc/ilp32f\libg_nano.a(lib_a-mprec.o)
                0x0000000000028942                __hi0bits
 .text.__lo0bits
                0x0000000000028988       0x6a d:/mounriver/mounriver_studio/toolchain/risc-v embedded gcc/bin/../lib/gcc/riscv-none-embed/8.2.0/../../../../riscv-none-embed/lib/rv32imafc/ilp32f\libg_nano.a(lib_a-mprec.o)
                0x0000000000028988                __lo0bits
 .text.__i2b    0x00000000000289f2       0x1c d:/mounriver/mounriver_studio/toolchain/risc-v embedded gcc/bin/../lib/gcc/riscv-none-embed/8.2.0/../../../../riscv-none-embed/lib/rv32imafc/ilp32f\libg_nano.a(lib_a-mprec.o)
                0x00000000000289f2                __i2b
 .text.__multiply
                0x0000000000028a0e      0x144 d:/mounriver/mounriver_studio/toolchain/risc-v embedded gcc/bin/../lib/gcc/riscv-none-embed/8.2.0/../../../../riscv-none-embed/lib/rv32imafc/ilp32f\libg_nano.a(lib_a-mprec.o)
                0x0000000000028a0e                __multiply
 .text.__pow5mult
                0x0000000000028b52       0xbe d:/mounriver/mounriver_studio/toolchain/risc-v embedded gcc/bin/../lib/gcc/riscv-none-embed/8.2.0/../../../../riscv-none-embed/lib/rv32imafc/ilp32f\libg_nano.a(lib_a-mprec.o)
                0x0000000000028b52                __pow5mult
 .text.__lshift
                0x0000000000028c10       0xce d:/mounriver/mounriver_studio/toolchain/risc-v embedded gcc/bin/../lib/gcc/riscv-none-embed/8.2.0/../../../../riscv-none-embed/lib/rv32imafc/ilp32f\libg_nano.a(lib_a-mprec.o)
                0x0000000000028c10                __lshift
 .text.__mcmp   0x0000000000028cde       0x32 d:/mounriver/mounriver_studio/toolchain/risc-v embedded gcc/bin/../lib/gcc/riscv-none-embed/8.2.0/../../../../riscv-none-embed/lib/rv32imafc/ilp32f\libg_nano.a(lib_a-mprec.o)
                0x0000000000028cde                __mcmp
 .text.__mdiff  0x0000000000028d10       0xf2 d:/mounriver/mounriver_studio/toolchain/risc-v embedded gcc/bin/../lib/gcc/riscv-none-embed/8.2.0/../../../../riscv-none-embed/lib/rv32imafc/ilp32f\libg_nano.a(lib_a-mprec.o)
                0x0000000000028d10                __mdiff
 .text.__d2b    0x0000000000028e02       0xd4 d:/mounriver/mounriver_studio/toolchain/risc-v embedded gcc/bin/../lib/gcc/riscv-none-embed/8.2.0/../../../../riscv-none-embed/lib/rv32imafc/ilp32f\libg_nano.a(lib_a-mprec.o)
                0x0000000000028e02                __d2b
 .text._calloc_r
                0x0000000000028ed6       0x26 d:/mounriver/mounriver_studio/toolchain/risc-v embedded gcc/bin/../lib/gcc/riscv-none-embed/8.2.0/../../../../riscv-none-embed/lib/rv32imafc/ilp32f\libg_nano.a(lib_a-nano-callocr.o)
                0x0000000000028ed6                _calloc_r
 .text._free_r  0x0000000000028efc       0xa8 d:/mounriver/mounriver_studio/toolchain/risc-v embedded gcc/bin/../lib/gcc/riscv-none-embed/8.2.0/../../../../riscv-none-embed/lib/rv32imafc/ilp32f\libg_nano.a(lib_a-nano-freer.o)
                0x0000000000028efc                _free_r
 .text._malloc_r
                0x0000000000028fa4       0xd4 d:/mounriver/mounriver_studio/toolchain/risc-v embedded gcc/bin/../lib/gcc/riscv-none-embed/8.2.0/../../../../riscv-none-embed/lib/rv32imafc/ilp32f\libg_nano.a(lib_a-nano-mallocr.o)
                0x0000000000028fa4                _malloc_r
 .text.__ssputs_r
                0x0000000000029078       0xee d:/mounriver/mounriver_studio/toolchain/risc-v embedded gcc/bin/../lib/gcc/riscv-none-embed/8.2.0/../../../../riscv-none-embed/lib/rv32imafc/ilp32f\libg_nano.a(lib_a-nano-svfprintf.o)
                0x0000000000029078                __ssputs_r
 .text._svfprintf_r
                0x0000000000029166      0x27e d:/mounriver/mounriver_studio/toolchain/risc-v embedded gcc/bin/../lib/gcc/riscv-none-embed/8.2.0/../../../../riscv-none-embed/lib/rv32imafc/ilp32f\libg_nano.a(lib_a-nano-svfprintf.o)
                0x0000000000029166                _svfiprintf_r
                0x0000000000029166                _svfprintf_r
 .text.__sfputc_r
                0x00000000000293e4       0x28 d:/mounriver/mounriver_studio/toolchain/risc-v embedded gcc/bin/../lib/gcc/riscv-none-embed/8.2.0/../../../../riscv-none-embed/lib/rv32imafc/ilp32f\libg_nano.a(lib_a-nano-vfprintf.o)
 .text.__sfputs_r
                0x000000000002940c       0x44 d:/mounriver/mounriver_studio/toolchain/risc-v embedded gcc/bin/../lib/gcc/riscv-none-embed/8.2.0/../../../../riscv-none-embed/lib/rv32imafc/ilp32f\libg_nano.a(lib_a-nano-vfprintf.o)
                0x000000000002940c                __sfputs_r
 .text._vfprintf_r
                0x0000000000029450      0x29e d:/mounriver/mounriver_studio/toolchain/risc-v embedded gcc/bin/../lib/gcc/riscv-none-embed/8.2.0/../../../../riscv-none-embed/lib/rv32imafc/ilp32f\libg_nano.a(lib_a-nano-vfprintf.o)
                0x0000000000029450                _vfprintf_r
                0x0000000000029450                _vfiprintf_r
 .text._sbrk_r  0x00000000000296ee       0x32 d:/mounriver/mounriver_studio/toolchain/risc-v embedded gcc/bin/../lib/gcc/riscv-none-embed/8.2.0/../../../../riscv-none-embed/lib/rv32imafc/ilp32f\libg_nano.a(lib_a-sbrkr.o)
                0x00000000000296ee                _sbrk_r
 .text.__sread  0x0000000000029720       0x30 d:/mounriver/mounriver_studio/toolchain/risc-v embedded gcc/bin/../lib/gcc/riscv-none-embed/8.2.0/../../../../riscv-none-embed/lib/rv32imafc/ilp32f\libg_nano.a(lib_a-stdio.o)
                0x0000000000029720                __sread
 .text.__swrite
                0x0000000000029750       0x4e d:/mounriver/mounriver_studio/toolchain/risc-v embedded gcc/bin/../lib/gcc/riscv-none-embed/8.2.0/../../../../riscv-none-embed/lib/rv32imafc/ilp32f\libg_nano.a(lib_a-stdio.o)
                0x0000000000029750                __swrite
 .text.__sseek  0x000000000002979e       0x36 d:/mounriver/mounriver_studio/toolchain/risc-v embedded gcc/bin/../lib/gcc/riscv-none-embed/8.2.0/../../../../riscv-none-embed/lib/rv32imafc/ilp32f\libg_nano.a(lib_a-stdio.o)
                0x000000000002979e                __sseek
 .text.__sclose
                0x00000000000297d4        0x6 d:/mounriver/mounriver_studio/toolchain/risc-v embedded gcc/bin/../lib/gcc/riscv-none-embed/8.2.0/../../../../riscv-none-embed/lib/rv32imafc/ilp32f\libg_nano.a(lib_a-stdio.o)
                0x00000000000297d4                __sclose
 .text.__swbuf_r
                0x00000000000297da       0xc2 d:/mounriver/mounriver_studio/toolchain/risc-v embedded gcc/bin/../lib/gcc/riscv-none-embed/8.2.0/../../../../riscv-none-embed/lib/rv32imafc/ilp32f\libg_nano.a(lib_a-wbuf.o)
                0x00000000000297da                __swbuf_r
 .text._write_r
                0x000000000002989c       0x36 d:/mounriver/mounriver_studio/toolchain/risc-v embedded gcc/bin/../lib/gcc/riscv-none-embed/8.2.0/../../../../riscv-none-embed/lib/rv32imafc/ilp32f\libg_nano.a(lib_a-writer.o)
                0x000000000002989c                _write_r
 .text.__swsetup_r
                0x00000000000298d2      0x110 d:/mounriver/mounriver_studio/toolchain/risc-v embedded gcc/bin/../lib/gcc/riscv-none-embed/8.2.0/../../../../riscv-none-embed/lib/rv32imafc/ilp32f\libg_nano.a(lib_a-wsetup.o)
                0x00000000000298d2                __swsetup_r
 .text._close_r
                0x00000000000299e2       0x32 d:/mounriver/mounriver_studio/toolchain/risc-v embedded gcc/bin/../lib/gcc/riscv-none-embed/8.2.0/../../../../riscv-none-embed/lib/rv32imafc/ilp32f\libg_nano.a(lib_a-closer.o)
                0x00000000000299e2                _close_r
 .text.__sflush_r
                0x0000000000029a14      0x13e d:/mounriver/mounriver_studio/toolchain/risc-v embedded gcc/bin/../lib/gcc/riscv-none-embed/8.2.0/../../../../riscv-none-embed/lib/rv32imafc/ilp32f\libg_nano.a(lib_a-fflush.o)
                0x0000000000029a14                __sflush_r
 .text._fflush_r
                0x0000000000029b52       0x68 d:/mounriver/mounriver_studio/toolchain/risc-v embedded gcc/bin/../lib/gcc/riscv-none-embed/8.2.0/../../../../riscv-none-embed/lib/rv32imafc/ilp32f\libg_nano.a(lib_a-fflush.o)
                0x0000000000029b52                _fflush_r
 .text._lseek_r
                0x0000000000029bba       0x34 d:/mounriver/mounriver_studio/toolchain/risc-v embedded gcc/bin/../lib/gcc/riscv-none-embed/8.2.0/../../../../riscv-none-embed/lib/rv32imafc/ilp32f\libg_nano.a(lib_a-lseekr.o)
                0x0000000000029bba                _lseek_r
 .text.__swhatbuf_r
                0x0000000000029bee       0x58 d:/mounriver/mounriver_studio/toolchain/risc-v embedded gcc/bin/../lib/gcc/riscv-none-embed/8.2.0/../../../../riscv-none-embed/lib/rv32imafc/ilp32f\libg_nano.a(lib_a-makebuf.o)
                0x0000000000029bee                __swhatbuf_r
 .text.__smakebuf_r
                0x0000000000029c46       0xa0 d:/mounriver/mounriver_studio/toolchain/risc-v embedded gcc/bin/../lib/gcc/riscv-none-embed/8.2.0/../../../../riscv-none-embed/lib/rv32imafc/ilp32f\libg_nano.a(lib_a-makebuf.o)
                0x0000000000029c46                __smakebuf_r
 .text.__ascii_mbtowc
                0x0000000000029ce6       0x3a d:/mounriver/mounriver_studio/toolchain/risc-v embedded gcc/bin/../lib/gcc/riscv-none-embed/8.2.0/../../../../riscv-none-embed/lib/rv32imafc/ilp32f\libg_nano.a(lib_a-mbtowc_r.o)
                0x0000000000029ce6                __ascii_mbtowc
 .text.memmove  0x0000000000029d20       0x4a d:/mounriver/mounriver_studio/toolchain/risc-v embedded gcc/bin/../lib/gcc/riscv-none-embed/8.2.0/../../../../riscv-none-embed/lib/rv32imafc/ilp32f\libg_nano.a(lib_a-memmove.o)
                0x0000000000029d20                memmove
 .text.__malloc_lock
                0x0000000000029d6a        0x2 d:/mounriver/mounriver_studio/toolchain/risc-v embedded gcc/bin/../lib/gcc/riscv-none-embed/8.2.0/../../../../riscv-none-embed/lib/rv32imafc/ilp32f\libg_nano.a(lib_a-mlock.o)
                0x0000000000029d6a                __malloc_lock
 .text.__malloc_unlock
                0x0000000000029d6c        0x2 d:/mounriver/mounriver_studio/toolchain/risc-v embedded gcc/bin/../lib/gcc/riscv-none-embed/8.2.0/../../../../riscv-none-embed/lib/rv32imafc/ilp32f\libg_nano.a(lib_a-mlock.o)
                0x0000000000029d6c                __malloc_unlock
 .text._realloc_r
                0x0000000000029d6e       0x58 d:/mounriver/mounriver_studio/toolchain/risc-v embedded gcc/bin/../lib/gcc/riscv-none-embed/8.2.0/../../../../riscv-none-embed/lib/rv32imafc/ilp32f\libg_nano.a(lib_a-nano-reallocr.o)
                0x0000000000029d6e                _realloc_r
 .text._read_r  0x0000000000029dc6       0x34 d:/mounriver/mounriver_studio/toolchain/risc-v embedded gcc/bin/../lib/gcc/riscv-none-embed/8.2.0/../../../../riscv-none-embed/lib/rv32imafc/ilp32f\libg_nano.a(lib_a-readr.o)
                0x0000000000029dc6                _read_r
 .text.__ascii_wctomb
                0x0000000000029dfa       0x20 d:/mounriver/mounriver_studio/toolchain/risc-v embedded gcc/bin/../lib/gcc/riscv-none-embed/8.2.0/../../../../riscv-none-embed/lib/rv32imafc/ilp32f\libg_nano.a(lib_a-wctomb_r.o)
                0x0000000000029dfa                __ascii_wctomb
 .text._fstat_r
                0x0000000000029e1a       0x32 d:/mounriver/mounriver_studio/toolchain/risc-v embedded gcc/bin/../lib/gcc/riscv-none-embed/8.2.0/../../../../riscv-none-embed/lib/rv32imafc/ilp32f\libg_nano.a(lib_a-fstatr.o)
                0x0000000000029e1a                _fstat_r
 .text._isatty_r
                0x0000000000029e4c       0x30 d:/mounriver/mounriver_studio/toolchain/risc-v embedded gcc/bin/../lib/gcc/riscv-none-embed/8.2.0/../../../../riscv-none-embed/lib/rv32imafc/ilp32f\libg_nano.a(lib_a-isattyr.o)
                0x0000000000029e4c                _isatty_r
 .text._malloc_usable_size_r
                0x0000000000029e7c       0x14 d:/mounriver/mounriver_studio/toolchain/risc-v embedded gcc/bin/../lib/gcc/riscv-none-embed/8.2.0/../../../../riscv-none-embed/lib/rv32imafc/ilp32f\libg_nano.a(lib_a-nano-msizer.o)
                0x0000000000029e7c                _malloc_usable_size_r
 .text.__trunctfdf2
                0x0000000000029e90      0x3d0 d:/mounriver/mounriver_studio/toolchain/risc-v embedded gcc/bin/../lib/gcc/riscv-none-embed/8.2.0/rv32imafc/ilp32f\libgcc.a(trunctfdf2.o)
                0x0000000000029e90                __trunctfdf2
 .text._close   0x000000000002a260       0x10 d:/mounriver/mounriver_studio/toolchain/risc-v embedded gcc/bin/../lib/gcc/riscv-none-embed/8.2.0/../../../../riscv-none-embed/lib/rv32imafc/ilp32f\libnosys.a(close.o)
                0x000000000002a260                _close
 .text._fstat   0x000000000002a270       0x10 d:/mounriver/mounriver_studio/toolchain/risc-v embedded gcc/bin/../lib/gcc/riscv-none-embed/8.2.0/../../../../riscv-none-embed/lib/rv32imafc/ilp32f\libnosys.a(fstat.o)
                0x000000000002a270                _fstat
 .text._isatty  0x000000000002a280       0x10 d:/mounriver/mounriver_studio/toolchain/risc-v embedded gcc/bin/../lib/gcc/riscv-none-embed/8.2.0/../../../../riscv-none-embed/lib/rv32imafc/ilp32f\libnosys.a(isatty.o)
                0x000000000002a280                _isatty
 .text._lseek   0x000000000002a290       0x10 d:/mounriver/mounriver_studio/toolchain/risc-v embedded gcc/bin/../lib/gcc/riscv-none-embed/8.2.0/../../../../riscv-none-embed/lib/rv32imafc/ilp32f\libnosys.a(lseek.o)
                0x000000000002a290                _lseek
 .text._read    0x000000000002a2a0       0x10 d:/mounriver/mounriver_studio/toolchain/risc-v embedded gcc/bin/../lib/gcc/riscv-none-embed/8.2.0/../../../../riscv-none-embed/lib/rv32imafc/ilp32f\libnosys.a(read.o)
                0x000000000002a2a0                _read
 .text._sbrk    0x000000000002a2b0       0x24 d:/mounriver/mounriver_studio/toolchain/risc-v embedded gcc/bin/../lib/gcc/riscv-none-embed/8.2.0/../../../../riscv-none-embed/lib/rv32imafc/ilp32f\libnosys.a(sbrk.o)
                0x000000000002a2b0                _sbrk
 *(.rodata)
 .rodata        0x000000000002a2d4       0x58 ./zf_driver/zf_driver_encoder.o
 .rodata        0x000000000002a32c       0x7c ./zf_driver/zf_driver_pit.o
 .rodata        0x000000000002a3a8       0x54 ./zf_driver/zf_driver_pwm.o
 .rodata        0x000000000002a3fc       0x59 ./zf_driver/zf_driver_soft_iic.o
 *fill*         0x000000000002a455        0x3 
 .rodata        0x000000000002a458       0x54 ./zf_driver/zf_driver_spi.o
 .rodata        0x000000000002a4ac       0x55 ./zf_driver/zf_driver_uart.o
 *fill*         0x000000000002a501        0x7 
 .rodata        0x000000000002a508       0xb8 ./zf_device/zf_device_dl1a.o
 .rodata        0x000000000002a5c0        0x8 ./zf_device/zf_device_dm1xa.o
 .rodata        0x000000000002a5c8       0x98 ./zf_device/zf_device_icm20602.o